<add_points prog="asft301_01" std_prog="asft301_01" erpver="1.0" module="ASF" ver="1" env="s" zone="t10dev" booking="Y">
  <point name="function.asft301_01" cite_std="N" status="d" ver="1" src="s" new="Y" order="1" mark_hard="N">
<![CDATA[################################################################################
# Descriptions...: 多上站作业资料维护
# Memo...........:
# Usage..........: CALL asft301_01(p_sfccdocno,p_sfcc001,p_sfcc002)
# Input parameter: 1.p_sfccdocno               LIKE sfcc_t.sfccdocno
#                : 2.p_sfcc001                 LIKE sfcc_t.sfcc001
#                : 3.p_sfcc002                 LIKE sfcc_t.sfcc002
#                : 4.p_sfcb003                 LIKE sfcb_t.sfcb003
#                : 5.p_sfcb004                 LIKE sfcb_t.sfcb004
#                : 6.p_type                    LIKE type_t.chr1
# Date & Author..: 2014/2/13 By wuxja
# Modify.........:
################################################################################
PUBLIC FUNCTION asft301_01(p_sfccdocno,p_sfcc001,p_sfcc002,p_sfcc003,p_sfcc004,p_type)
DEFINE p_sfccdocno               LIKE sfcc_t.sfccdocno
DEFINE p_sfcc001                 LIKE sfcc_t.sfcc001
DEFINE p_sfcc002                 LIKE sfcc_t.sfcc002
DEFINE p_sfcb003                 LIKE sfcb_t.sfcb003
DEFINE p_sfcb004                 LIKE sfcb_t.sfcb004
DEFINE p_type                    LIKE type_t.chr1
DEFINE l_count                   LIKE type_t.num5
DEFINE l_n                       LIKE type_t.num5
DEFINE l_cmd                     LIKE type_t.chr5
DEFINE l_lock_sw                 LIKE type_t.chr1
DEFINE l_allow_insert            LIKE type_t.num5        #可新增否 
DEFINE l_allow_delete            LIKE type_t.num5        #可刪除否
DEFINE l_flag                    LIKE type_t.chr1


   WHENEVER ERROR CONTINUE
   IF cl_null(p_sfccdocno) OR cl_null(p_sfcc001) OR cl_null(p_sfcc002) THEN
      CALL cl_err('','sub-00001',1)
      RETURN
   END IF
   
   #畫面開啟 (identifier)
   OPEN WINDOW w_asft301_01 WITH FORM cl_ap_formpath("asf","asft301_01")

   #瀏覽頁簽資料初始化
   CALL cl_ui_init()
   CLEAR FORM
   CALL g_sfcc.clear()

   LET g_qryparam.state = "i"

   LET l_allow_insert = cl_auth_detail_input("insert")
   LET l_allow_delete = cl_auth_detail_input("delete")
   
   LET g_sfccdocno = p_sfccdocno
   LET g_sfcc001 = p_sfcc001
   LET g_sfcc002 = p_sfcc002
   LET g_sfcb003 = p_sfcb003
   LET g_sfcb004 = p_sfcb004
   
   #作业编号说明
   INITIALIZE g_chkparam.* TO NULL
   LET g_chkparam.arg1 = '221'
   LET g_chkparam.arg2 = g_sfcb003
   CALL cl_ref_val("v_oocql002")
   LET g_sfcb003_desc = g_chkparam.return1
   
   DISPLAY g_sfcc002,g_sfcb003,g_sfcb004 TO sfcc002,sfcb003,sfcb004
   DISPLAY g_sfcb003_desc TO sfcb003_desc
   
   LET g_forupd_sql = " SELECT sfcc003,'',sfcc004 FROM sfcc_t ",
                   "  WHERE sfccent = '",g_enterprise,"' AND sfccsite = '",g_site,"'",
                   "    AND sfccdocno='",g_sfccdocno,"' AND sfcc001='",g_sfcc001,"' AND sfcc002='",g_sfcc002,"'",
                   "    AND sfcc003 = ? AND sfcc004 = ? FOR UPDATE"
   LET g_forupd_sql = cl_sql_forupd(g_forupd_sql)
   PREPARE asft301_01_pre FROM g_forupd_sql
   DECLARE asft301_01_cs CURSOR FOR asft301_01_pre
   
   CALL asft301_01_b_fill()
   
   IF p_type = 'N' THEN
      DISPLAY ARRAY g_sfcc TO s_detail1.*
         ON ACTION accept
            LET INT_FLAG = TRUE
            EXIT DISPLAY

         ON ACTION cancel
            LET INT_FLAG = TRUE
            EXIT DISPLAY

         ON ACTION exit
           LET INT_FLAG = TRUE
           EXIT DISPLAY

         ON ACTION close
            LET INT_FLAG = TRUE
            EXIT DISPLAY
      END DISPLAY
      IF INT_FLAG THEN
         LET INT_FLAG = FALSE
         CLOSE WINDOW w_asft301_01
         RETURN
      END IF
   END IF
   
   
   DIALOG ATTRIBUTES(UNBUFFERED,FIELD ORDER FORM)
      INPUT ARRAY g_sfcc FROM s_detail1.*
         ATTRIBUTE(COUNT = g_rec_b,MAXCOUNT = g_max_rec,WITHOUT DEFAULTS, 
                 INSERT ROW = l_allow_insert,
                 DELETE ROW = l_allow_delete,
                 APPEND ROW = l_allow_insert)
         
         BEFORE ROW 
            LET l_cmd = ''
            LET l_ac = ARR_CURR()
            LET l_lock_sw = 'N'            #DEFAULT
            DISPLAY l_ac TO FORMONLY.idx

            CALL s_transaction_begin()

            IF g_rec_b >= l_ac THEN
               LET l_cmd='u'
               LET g_sfcc_t.* = g_sfcc[l_ac].*  #BACKUP
               OPEN asft301_01_cs USING g_sfcc[l_ac].sfcc003,g_sfcc[l_ac].sfcc004

               IF SQLCA.sqlcode THEN
                  CALL cl_err("asft301_01_cs",SQLCA.sqlcode,1)
                  LET l_lock_sw='Y'
               ELSE
                  FETCH asft301_01_cs INTO g_sfcc[l_ac].*
                  INITIALIZE g_ref_fields TO NULL
                  LET g_ref_fields[1] = g_sfcc[l_ac].sfcc003
                  CALL ap_ref_array2(g_ref_fields,"SELECT oocql004 FROM oocql_t WHERE oocqlent = '"||g_enterprise||"' AND oocql001 = '221' AND oocql002 = ? AND oocql003 = '"||g_lang||"'","") RETURNING g_rtn_fields
                  LET g_sfcc[l_ac].sfcc003_desc = g_rtn_fields[1]
                  DISPLAY g_sfcc[l_ac].sfcc003_desc TO s_detail1[l_ac].sfcc003_desc
                  CALL cl_show_fld_cont()
               END IF
            ELSE
               LET l_cmd='a'
            END IF
            
         BEFORE INSERT
            CALL s_transaction_begin()
            LET l_cmd = 'a'
            INITIALIZE g_sfcc_t.* TO NULL
            INITIALIZE g_sfcc[l_ac].* TO NULL
            CALL cl_show_fld_cont()

         AFTER INSERT
            IF INT_FLAG THEN
               CALL cl_err('',9001,1)
               LET INT_FLAG = 0
               CANCEL INSERT
            END IF
            SELECT COUNT(*) INTO l_count FROM sfcc_t WHERE sfccent=g_enterprise AND sfccsite=g_site AND sfccdocno=g_sfccdocno
               AND sfcc001=g_sfcc001 AND sfcc002=g_sfcc002 AND sfcc003=g_sfcc[l_ac].sfcc003 AND sfcc004=g_sfcc[l_ac].sfcc004
            IF l_count = 0 THEN
               INSERT INTO sfcc_t VALUES(g_enterprise,g_site,g_sfccdocno,g_sfcc001,g_sfcc002,g_sfcc[l_ac].sfcc003,g_sfcc[l_ac].sfcc004)
               IF SQLCA.sqlcode THEN
                  CALL cl_err("INSERT sfcc_t",SQLCA.sqlcode,1)
                  CALL s_transaction_end('N',0)
                  CANCEL INSERT
               ELSE
                  CALL s_transaction_end('Y',0)
                  ERROR 'INSERT O.K'
                  LET g_rec_b = g_rec_b + 1
               END IF
            ELSE
               CALL cl_err('INSERT',"std-00006",1)
               INITIALIZE g_sfcc[l_ac].* TO NULL
               CALL s_transaction_end('N',0)
               CANCEL INSERT
            END IF
            
         BEFORE DELETE                            #是否取消單身
            IF NOT cl_null(g_sfcc[l_ac].sfcc003) AND NOT cl_null(g_sfcc[l_ac].sfcc004)THEN

               IF NOT cl_ask_del_detail() THEN
                  CANCEL DELETE
               END IF
               IF l_lock_sw = "Y" THEN
                  CALL cl_err("", -263, 1)
                  CANCEL DELETE
               END IF
               DELETE FROM sfcc_t WHERE sfccent=g_enterprise AND sfccsite=g_site AND sfccdocno=g_sfccdocno
                  AND sfcc001=g_sfcc001 AND sfcc002=g_sfcc002 AND sfcc003=g_sfcc[l_ac].sfcc003 AND sfcc004=g_sfcc[l_ac].sfcc004

               IF SQLCA.sqlcode THEN
                  CALL cl_err("DELETE sfcc_t",SQLCA.sqlcode,1)
                  CALL s_transaction_end('N',0)
                  CANCEL DELETE
               ELSE
                  LET g_rec_b = g_rec_b-1
                  CALL s_transaction_end('Y',0)
               END IF
               CLOSE asft301_01_cs
            END IF
            
         ON ROW CHANGE
            IF INT_FLAG THEN
               CALL cl_err('',9001,1)
               LET INT_FLAG = 0
               LET g_sfcc[l_ac].* = g_sfcc_t.*
               CLOSE asft301_01_cs
               CALL s_transaction_end('N',0)
               EXIT DIALOG
            END IF

            IF l_lock_sw = 'Y' THEN
               CALL cl_err('',-263,1)
               LET g_sfcc[l_ac].* = g_sfcc_t.*
            ELSE
               UPDATE sfcc_t SET (sfcc003,sfcc004)= (g_sfcc[l_ac].sfcc003,g_sfcc[l_ac].sfcc004)
                WHERE sfccent=g_enterprise AND sfccsite=g_site AND sfccdocno=g_sfccdocno
                  AND sfcc001=g_sfcc001 AND sfcc002=g_sfcc002 AND sfcc003=g_sfcc_t.sfcc003 AND sfcc004=g_sfcc_t.sfcc004
               IF SQLCA.sqlcode THEN
                  CALL cl_err("UPDATE sfcc_t",SQLCA.sqlcode,1)
                  LET g_sfcc[l_ac].* = g_sfcc_t.*
                  CALL s_transaction_end('N',0)
               ELSE
                  CALL s_transaction_end('Y',0)
               END IF
            END IF
            
         AFTER ROW
            CLOSE asft301_01_cs          {#ADP版次:1#}
            
         AFTER FIELD sfcc003
            IF NOT cl_null(g_sfcc[l_ac].sfcc003) AND (cl_null(g_sfcc_t.sfcc003) OR g_sfcc[l_ac].sfcc003 != g_sfcc_t.sfcc003) THEN
               #排除INIT,群组编号
               IF g_sfcc[l_ac].sfcc003 = 'INIT' THEN
                  LET g_sfcc[l_ac].sfcc004 = 0
               ELSE
                  SELECT COUNT(*) INTO l_n FROM sfcb_t WHERE sfcbent=g_enterprise AND sfcbsite=g_site
                     AND sfcbdocno=g_sfccdocno AND sfcb001=g_sfcc001 AND sfcb006=g_sfcc[l_ac].sfcc003
                  IF l_n > 0 THEN
                     LET g_sfcc[l_ac].sfcc004 = 0
                  ELSE                                    
                     #是否存在本站作业
                     IF NOT cl_null(g_sfcc[l_ac].sfcc004) THEN
                        SELECT COUNT(*) INTO l_n FROM sfcb_t WHERE sfcbent=g_enterprise AND sfcbsite=g_site
                        AND sfcbdocno=g_sfccdocno AND sfcb001=g_sfcc001 AND sfcb003=g_sfcc[l_ac].sfcc003 AND sfcb004=g_sfcc[l_ac].sfcc004
                     ELSE
                        SELECT COUNT(*) INTO l_n FROM sfcb_t WHERE sfcbent=g_enterprise AND sfcbsite=g_site
                        AND sfcbdocno=g_sfccdocno AND sfcb001=g_sfcc001 AND sfcb003=g_sfcc[l_ac].sfcc003 
                     END IF
                     IF l_n = 0 THEN
                        CALL cl_err(g_sfcc[l_ac].sfcc003,'asf-00132',1)
                        LET g_sfcc[l_ac].sfcc003 = g_sfcc_t.sfcc003
                        INITIALIZE g_chkparam.* TO NULL
                        LET g_chkparam.arg1 = '221'
                        LET g_chkparam.arg2 = g_sfcc[l_ac].sfcc003
                        CALL cl_ref_val("v_oocql002")
                        LET g_sfcc[l_ac].sfcc003_desc = g_chkparam.return1
                        DISPLAY BY NAME g_sfcc[l_ac].sfcc003_desc
                        NEXT FIELD sfcc003
                     END IF
                  END IF
               END IF                  

               IF NOT cl_null(g_sfcc[l_ac].sfcc004) THEN
                  IF NOT ap_chk_notDup(g_sfcc[l_ac].sfcc003,"SELECT COUNT(*) FROM sfcc_t WHERE sfccent = '" ||g_enterprise|| "' AND sfccsite = '"||g_site ||"' AND sfccdocno ='"||g_sfccdocno||"' AND sfcc001='"||g_sfcc001||"' AND sfcc002='"||g_sfcc002||"' AND sfcc003 = '"||g_sfcc[l_ac].sfcc003 ||"' AND sfcc004 = '"||g_sfcc[l_ac].sfcc004||"'",'std-00004',1) THEN
                     LET g_sfcc[l_ac].sfcc003 = g_sfcc_t.sfcc003
                     LET g_sfcc[l_ac].sfcc004 = g_sfcc_t.sfcc004
                     INITIALIZE g_chkparam.* TO NULL
                     LET g_chkparam.arg1 = '221'
                     LET g_chkparam.arg2 = g_sfcc[l_ac].sfcc003
                     CALL cl_ref_val("v_oocql002")
                     LET g_sfcc[l_ac].sfcc003_desc = g_chkparam.return1
                     DISPLAY BY NAME g_sfcc[l_ac].sfcc003_desc
                     NEXT FIELD CURRENT
                  END IF
                  #上站作業+上站製程序不可與同項次的本站作業、製程序相同
                  IF g_sfcc[l_ac].sfcc003 = g_sfcb003 AND g_sfcc[l_ac].sfcc004 = g_sfcb004 THEN
                     CALL cl_err('','asf-00132',1)
                     LET g_sfcc[l_ac].sfcc003 = g_sfcc_t.sfcc003
                     LET g_sfcc[l_ac].sfcc004 = g_sfcc_t.sfcc004
                     INITIALIZE g_chkparam.* TO NULL
                     LET g_chkparam.arg1 = '221'
                     LET g_chkparam.arg2 = g_sfcc[l_ac].sfcc003
                     CALL cl_ref_val("v_oocql002")
                     LET g_sfcc[l_ac].sfcc003_desc = g_chkparam.return1
                     DISPLAY BY NAME g_sfcc[l_ac].sfcc003_desc
                     NEXT FIELD CURRENT
                  END IF
                  #本站作业为群组，上站作业群组不可维护成同本站作业群组的
                  SELECT COUNT(*) INTO l_n FROM sfcb_t WHERE sfcbent=g_enterprise AND sfcbsite=g_site
                     AND sfcbdocno=g_sfccdocno AND sfcb001=g_sfcc001 AND sfcb002=g_sfcc002 AND sfcb006=g_sfcc[l_ac].sfcc003
                  IF l_n > 0 THEN
                     CALL cl_err(g_sfcc[l_ac].sfcc003,'asf-00194',1)
                     LET g_sfcc[l_ac].sfcc003 = g_sfcc_t.sfcc003
                     LET g_sfcc[l_ac].sfcc004 = g_sfcc_t.sfcc004
                     INITIALIZE g_chkparam.* TO NULL
                     LET g_chkparam.arg1 = '221'
                     LET g_chkparam.arg2 = g_sfcc[l_ac].sfcc003
                     CALL cl_ref_val("v_oocql002")
                     LET g_sfcc[l_ac].sfcc003_desc = g_chkparam.return1
                     DISPLAY BY NAME g_sfcc[l_ac].sfcc003_desc
                     NEXT FIELD CURRENT
                  END IF
               END IF
               
               INITIALIZE g_chkparam.* TO NULL
               LET g_chkparam.arg1 = '221'
               LET g_chkparam.arg2 = g_sfcc[l_ac].sfcc003
               CALL cl_ref_val("v_oocql002")
               LET g_sfcc[l_ac].sfcc003_desc = g_chkparam.return1
               DISPLAY BY NAME g_sfcc[l_ac].sfcc003_desc 
            END IF
         
         BEFORE FIELD sfcc004
            IF NOT cl_null(g_sfcc[l_ac].sfcc003) THEN
               SELECT COUNT(*) INTO l_n FROM sfcb_t WHERE sfcbent=g_enterprise AND sfcbsite=g_site
                  AND sfcbdocno=g_sfccdocno AND sfcb001=g_sfcc001 AND sfcb006=g_sfcc[l_ac].sfcc003
               IF g_sfcc[l_ac].sfcc003 = 'INIT' OR l_n > 0 THEN
                  CALL cl_set_comp_entry("sfcc004",FALSE)
                  LET l_flag = 'N'
               ELSE
                  CALL cl_set_comp_entry("sfcc004",TRUE)
                  LET l_flag = 'Y'
               END IF
              # LET g_sfcc_t.sfcc004 = g_sfcc[l_ac].sfcc004
            END IF
            
         AFTER FIELD sfcc004
            IF NOT cl_null(g_sfcc[l_ac].sfcc004) AND (cl_null(g_sfcc_t.sfcc004) OR g_sfcc[l_ac].sfcc004 != g_sfcc_t.sfcc004) AND l_flag = 'Y' THEN
                  IF NOT cl_null(g_sfcc[l_ac].sfcc003) THEN
                     IF NOT ap_chk_notDup(g_sfcc[l_ac].sfcc004,"SELECT COUNT(*) FROM sfcc_t WHERE sfccent = '" ||g_enterprise|| "' AND sfccsite = '"||g_site ||"' AND sfccdocno ='"||g_sfccdocno||"' AND sfcc001='"||g_sfcc001||"' AND sfcc002='"||g_sfcc002||"' AND sfcc003 = '"||g_sfcc[l_ac].sfcc003 ||"' AND sfcc004 = '"||g_sfcc[l_ac].sfcc004||"'",'std-00004',1) THEN
                        LET g_sfcc[l_ac].sfcc004 = g_sfcc_t.sfcc004
                        NEXT FIELD CURRENT
                     END IF
                     #是否存在本站作业+制程序
                     SELECT COUNT(*) INTO l_n FROM sfcb_t WHERE sfcbent=g_enterprise AND sfcbsite=g_site
                        AND sfcbdocno=g_sfccdocno AND sfcb001=g_sfcc001 AND sfcb003=g_sfcc[l_ac].sfcc003 AND sfcb004=g_sfcc[l_ac].sfcc004        
                     IF l_n = 0 THEN
                        CALL cl_err(g_sfcc[l_ac].sfcc004,'asf-00132',1)
                        LET g_sfcc[l_ac].sfcc004 = g_sfcc_t.sfcc004
                        NEXT FIELD sfcc004
                     END IF 
                     #上站作業+上站製程序不可與同項次的本站作業、製程序相同
                     IF g_sfcc[l_ac].sfcc003 = g_sfcb003 AND g_sfcc[l_ac].sfcc004 = g_sfcb004 THEN
                        CALL cl_err(g_sfcc[l_ac].sfcc004,'asf-00132',1)
                        LET g_sfcc[l_ac].sfcc004 = g_sfcc_t.sfcc004
                        NEXT FIELD CURRENT
                     END IF
                  END IF
            END IF
            
         ON ACTION controlp INFIELD sfcc003
            INITIALIZE g_qryparam.* TO NULL
            LET g_qryparam.state = 'i'
            LET g_qryparam.reqry = FALSE
            LET g_qryparam.default1 = g_sfcc[l_ac].sfcc003
            LET g_qryparam.arg1 = g_site
            LET g_qryparam.arg2 = g_sfccdocno
            LET g_qryparam.arg3 = g_sfcc001
            CALL q_sfcb003_1()
            LET g_sfcc[l_ac].sfcc003 = g_qryparam.return1 
            LET g_sfcc[l_ac].sfcc004 = g_qryparam.return2 
            DISPLAY g_sfcc[l_ac].sfcc003 TO sfcc003
            DISPLAY g_sfcc[l_ac].sfcc004 TO sfcc004
            NEXT FIELD sfcc003 
      END INPUT
      
      BEFORE DIALOG
         CALL DIALOG.setCurrentRow("s_detail1",l_ac)                {#ADP版次:1#}

      #公用action
      ON ACTION accept
         ACCEPT DIALOG

      ON ACTION cancel
         LET INT_FLAG = TRUE
         EXIT DIALOG

      ON ACTION close
         LET INT_FLAG = TRUE
         EXIT DIALOG

      ON ACTION exit
         LET INT_FLAG = TRUE
         EXIT DIALOG

   END DIALOG
   
   IF INT_FLAG THEN
      LET INT_FLAG = 0
   END IF
   CLOSE asft301_01_cs
   CLOSE WINDOW w_asft301_01
END FUNCTION]]>
</point>
  <point name="function.asft301_01" cite_std="N" status="u" ver="1" src="s" new="Y" order="1" mark_hard="N">
<![CDATA[################################################################################
# Descriptions...: 多上站作业资料维护
# Memo...........:
# Usage..........: CALL asft301_01(p_sfccdocno,p_sfcc001,p_sfcc002)
# Input parameter: 1.p_sfccdocno               LIKE sfcc_t.sfccdocno
#                : 2.p_sfcc001                 LIKE sfcc_t.sfcc001
#                : 3.p_sfcc002                 LIKE sfcc_t.sfcc002
#                : 4.p_sfcb003                 LIKE sfcb_t.sfcb003
#                : 5.p_sfcb004                 LIKE sfcb_t.sfcb004
#                : 6.p_type                    LIKE type_t.chr1
# Date & Author..: 2014/2/13 By wuxja
# Modify.........:
################################################################################
PUBLIC FUNCTION asft301_01(p_sfccdocno,p_sfcc001,p_sfcc002,p_sfcb003,p_sfcb004,p_type)
DEFINE p_sfccdocno               LIKE sfcc_t.sfccdocno
DEFINE p_sfcc001                 LIKE sfcc_t.sfcc001
DEFINE p_sfcc002                 LIKE sfcc_t.sfcc002
DEFINE p_sfcb003                 LIKE sfcb_t.sfcb003
DEFINE p_sfcb004                 LIKE sfcb_t.sfcb004
DEFINE p_type                    LIKE type_t.chr1
DEFINE l_count                   LIKE type_t.num5
DEFINE l_n                       LIKE type_t.num5
DEFINE l_cmd                     LIKE type_t.chr5
DEFINE l_lock_sw                 LIKE type_t.chr1
DEFINE l_allow_insert            LIKE type_t.num5        #可新增否 
DEFINE l_allow_delete            LIKE type_t.num5        #可刪除否
DEFINE l_flag                    LIKE type_t.chr1


   WHENEVER ERROR CONTINUE
   IF cl_null(p_sfccdocno) OR cl_null(p_sfcc001) OR cl_null(p_sfcc002) THEN
      CALL cl_err('','sub-00001',1)
      RETURN
   END IF
   
   #畫面開啟 (identifier)
   OPEN WINDOW w_asft301_01 WITH FORM cl_ap_formpath("asf","asft301_01")

   #瀏覽頁簽資料初始化
   CALL cl_ui_init()
   CLEAR FORM
   CALL g_sfcc.clear()

   LET g_qryparam.state = "i"

   LET l_allow_insert = cl_auth_detail_input("insert")
   LET l_allow_delete = cl_auth_detail_input("delete")
   
   LET g_sfccdocno = p_sfccdocno
   LET g_sfcc001 = p_sfcc001
   LET g_sfcc002 = p_sfcc002
   LET g_sfcb003 = p_sfcb003
   LET g_sfcb004 = p_sfcb004
   
   #作业编号说明
   INITIALIZE g_chkparam.* TO NULL
   LET g_chkparam.arg1 = '221'
   LET g_chkparam.arg2 = g_sfcb003
   CALL cl_ref_val("v_oocql002")
   LET g_sfcb003_desc = g_chkparam.return1
   
   DISPLAY g_sfcc002,g_sfcb003,g_sfcb004 TO sfcc002,sfcb003,sfcb004
   DISPLAY g_sfcb003_desc TO sfcb003_desc
   
   LET g_forupd_sql = " SELECT sfcc003,'',sfcc004 FROM sfcc_t ",
                   "  WHERE sfccent = '",g_enterprise,"' AND sfccsite = '",g_site,"'",
                   "    AND sfccdocno='",g_sfccdocno,"' AND sfcc001='",g_sfcc001,"' AND sfcc002='",g_sfcc002,"'",
                   "    AND sfcc003 = ? AND sfcc004 = ? FOR UPDATE"
   LET g_forupd_sql = cl_sql_forupd(g_forupd_sql)
   PREPARE asft301_01_pre FROM g_forupd_sql
   DECLARE asft301_01_cs CURSOR FOR asft301_01_pre
   
   CALL asft301_01_b_fill()
   
   IF p_type = 'N' THEN
      DISPLAY ARRAY g_sfcc TO s_detail1.*
         ON ACTION accept
            LET INT_FLAG = TRUE
            EXIT DISPLAY

         ON ACTION cancel
            LET INT_FLAG = TRUE
            EXIT DISPLAY

         ON ACTION exit
           LET INT_FLAG = TRUE
           EXIT DISPLAY

         ON ACTION close
            LET INT_FLAG = TRUE
            EXIT DISPLAY
      END DISPLAY
      IF INT_FLAG THEN
         LET INT_FLAG = FALSE
         CLOSE WINDOW w_asft301_01
         RETURN
      END IF
   END IF
   
   
   DIALOG ATTRIBUTES(UNBUFFERED,FIELD ORDER FORM)
      INPUT ARRAY g_sfcc FROM s_detail1.*
         ATTRIBUTE(COUNT = g_rec_b,MAXCOUNT = g_max_rec,WITHOUT DEFAULTS, 
                 INSERT ROW = l_allow_insert,
                 DELETE ROW = l_allow_delete,
                 APPEND ROW = l_allow_insert)
         
         BEFORE ROW 
            LET l_cmd = ''
            LET l_ac = ARR_CURR()
            LET l_lock_sw = 'N'            #DEFAULT
            DISPLAY l_ac TO FORMONLY.idx

            CALL s_transaction_begin()

            IF g_rec_b >= l_ac THEN
               LET l_cmd='u'
               LET g_sfcc_t.* = g_sfcc[l_ac].*  #BACKUP
               OPEN asft301_01_cs USING g_sfcc[l_ac].sfcc003,g_sfcc[l_ac].sfcc004

               IF SQLCA.sqlcode THEN
                  CALL cl_err("asft301_01_cs",SQLCA.sqlcode,1)
                  LET l_lock_sw='Y'
               ELSE
                  FETCH asft301_01_cs INTO g_sfcc[l_ac].*
                  INITIALIZE g_ref_fields TO NULL
                  LET g_ref_fields[1] = g_sfcc[l_ac].sfcc003
                  CALL ap_ref_array2(g_ref_fields,"SELECT oocql004 FROM oocql_t WHERE oocqlent = '"||g_enterprise||"' AND oocql001 = '221' AND oocql002 = ? AND oocql003 = '"||g_lang||"'","") RETURNING g_rtn_fields
                  LET g_sfcc[l_ac].sfcc003_desc = g_rtn_fields[1]
                  DISPLAY g_sfcc[l_ac].sfcc003_desc TO s_detail1[l_ac].sfcc003_desc
                  CALL cl_show_fld_cont()
               END IF
            ELSE
               LET l_cmd='a'
            END IF
            
         BEFORE INSERT
            CALL s_transaction_begin()
            LET l_cmd = 'a'
            INITIALIZE g_sfcc_t.* TO NULL
            INITIALIZE g_sfcc[l_ac].* TO NULL
            CALL cl_show_fld_cont()

         AFTER INSERT
            IF INT_FLAG THEN
               CALL cl_err('',9001,1)
               LET INT_FLAG = 0
               CANCEL INSERT
            END IF
            SELECT COUNT(*) INTO l_count FROM sfcc_t WHERE sfccent=g_enterprise AND sfccsite=g_site AND sfccdocno=g_sfccdocno
               AND sfcc001=g_sfcc001 AND sfcc002=g_sfcc002 AND sfcc003=g_sfcc[l_ac].sfcc003 AND sfcc004=g_sfcc[l_ac].sfcc004
            IF l_count = 0 THEN
               INSERT INTO sfcc_t VALUES(g_enterprise,g_site,g_sfccdocno,g_sfcc001,g_sfcc002,g_sfcc[l_ac].sfcc003,g_sfcc[l_ac].sfcc004)
               IF SQLCA.sqlcode THEN
                  CALL cl_err("INSERT sfcc_t",SQLCA.sqlcode,1)
                  CALL s_transaction_end('N',0)
                  CANCEL INSERT
               ELSE
                  CALL s_transaction_end('Y',0)
                  ERROR 'INSERT O.K'
                  LET g_rec_b = g_rec_b + 1
               END IF
            ELSE
               CALL cl_err('INSERT',"std-00006",1)
               INITIALIZE g_sfcc[l_ac].* TO NULL
               CALL s_transaction_end('N',0)
               CANCEL INSERT
            END IF
            
         BEFORE DELETE                            #是否取消單身
            IF NOT cl_null(g_sfcc[l_ac].sfcc003) AND NOT cl_null(g_sfcc[l_ac].sfcc004)THEN

               IF NOT cl_ask_del_detail() THEN
                  CANCEL DELETE
               END IF
               IF l_lock_sw = "Y" THEN
                  CALL cl_err("", -263, 1)
                  CANCEL DELETE
               END IF
               DELETE FROM sfcc_t WHERE sfccent=g_enterprise AND sfccsite=g_site AND sfccdocno=g_sfccdocno
                  AND sfcc001=g_sfcc001 AND sfcc002=g_sfcc002 AND sfcc003=g_sfcc[l_ac].sfcc003 AND sfcc004=g_sfcc[l_ac].sfcc004

               IF SQLCA.sqlcode THEN
                  CALL cl_err("DELETE sfcc_t",SQLCA.sqlcode,1)
                  CALL s_transaction_end('N',0)
                  CANCEL DELETE
               ELSE
                  LET g_rec_b = g_rec_b-1
                  CALL s_transaction_end('Y',0)
               END IF
               CLOSE asft301_01_cs
            END IF
            
         ON ROW CHANGE
            IF INT_FLAG THEN
               CALL cl_err('',9001,1)
               LET INT_FLAG = 0
               LET g_sfcc[l_ac].* = g_sfcc_t.*
               CLOSE asft301_01_cs
               CALL s_transaction_end('N',0)
               EXIT DIALOG
            END IF

            IF l_lock_sw = 'Y' THEN
               CALL cl_err('',-263,1)
               LET g_sfcc[l_ac].* = g_sfcc_t.*
            ELSE
               UPDATE sfcc_t SET (sfcc003,sfcc004)= (g_sfcc[l_ac].sfcc003,g_sfcc[l_ac].sfcc004)
                WHERE sfccent=g_enterprise AND sfccsite=g_site AND sfccdocno=g_sfccdocno
                  AND sfcc001=g_sfcc001 AND sfcc002=g_sfcc002 AND sfcc003=g_sfcc_t.sfcc003 AND sfcc004=g_sfcc_t.sfcc004
               IF SQLCA.sqlcode THEN
                  CALL cl_err("UPDATE sfcc_t",SQLCA.sqlcode,1)
                  LET g_sfcc[l_ac].* = g_sfcc_t.*
                  CALL s_transaction_end('N',0)
               ELSE
                  CALL s_transaction_end('Y',0)
               END IF
            END IF
            
         AFTER ROW
            CLOSE asft301_01_cs          {#ADP版次:1#}
            
         AFTER FIELD sfcc003
            IF NOT cl_null(g_sfcc[l_ac].sfcc003) AND (cl_null(g_sfcc_t.sfcc003) OR g_sfcc[l_ac].sfcc003 != g_sfcc_t.sfcc003) THEN
               #排除INIT,群组编号
               IF g_sfcc[l_ac].sfcc003 = 'INIT' THEN
                  LET g_sfcc[l_ac].sfcc004 = 0
               ELSE
                  SELECT COUNT(*) INTO l_n FROM sfcb_t WHERE sfcbent=g_enterprise AND sfcbsite=g_site
                     AND sfcbdocno=g_sfccdocno AND sfcb001=g_sfcc001 AND sfcb006=g_sfcc[l_ac].sfcc003
                  IF l_n > 0 THEN
                     LET g_sfcc[l_ac].sfcc004 = 0
                  ELSE                                    
                     #是否存在本站作业
                     IF NOT cl_null(g_sfcc[l_ac].sfcc004) THEN
                        SELECT COUNT(*) INTO l_n FROM sfcb_t WHERE sfcbent=g_enterprise AND sfcbsite=g_site
                        AND sfcbdocno=g_sfccdocno AND sfcb001=g_sfcc001 AND sfcb003=g_sfcc[l_ac].sfcc003 AND sfcb004=g_sfcc[l_ac].sfcc004
                     ELSE
                        SELECT COUNT(*) INTO l_n FROM sfcb_t WHERE sfcbent=g_enterprise AND sfcbsite=g_site
                        AND sfcbdocno=g_sfccdocno AND sfcb001=g_sfcc001 AND sfcb003=g_sfcc[l_ac].sfcc003 
                     END IF
                     IF l_n = 0 THEN
                        CALL cl_err(g_sfcc[l_ac].sfcc003,'asf-00132',1)
                        LET g_sfcc[l_ac].sfcc003 = g_sfcc_t.sfcc003
                        INITIALIZE g_chkparam.* TO NULL
                        LET g_chkparam.arg1 = '221'
                        LET g_chkparam.arg2 = g_sfcc[l_ac].sfcc003
                        CALL cl_ref_val("v_oocql002")
                        LET g_sfcc[l_ac].sfcc003_desc = g_chkparam.return1
                        DISPLAY BY NAME g_sfcc[l_ac].sfcc003_desc
                        NEXT FIELD sfcc003
                     END IF
                  END IF
               END IF                  

               IF NOT cl_null(g_sfcc[l_ac].sfcc004) THEN
                  IF NOT ap_chk_notDup(g_sfcc[l_ac].sfcc003,"SELECT COUNT(*) FROM sfcc_t WHERE sfccent = '" ||g_enterprise|| "' AND sfccsite = '"||g_site ||"' AND sfccdocno ='"||g_sfccdocno||"' AND sfcc001='"||g_sfcc001||"' AND sfcc002='"||g_sfcc002||"' AND sfcc003 = '"||g_sfcc[l_ac].sfcc003 ||"' AND sfcc004 = '"||g_sfcc[l_ac].sfcc004||"'",'std-00004',1) THEN
                     LET g_sfcc[l_ac].sfcc003 = g_sfcc_t.sfcc003
                     LET g_sfcc[l_ac].sfcc004 = g_sfcc_t.sfcc004
                     INITIALIZE g_chkparam.* TO NULL
                     LET g_chkparam.arg1 = '221'
                     LET g_chkparam.arg2 = g_sfcc[l_ac].sfcc003
                     CALL cl_ref_val("v_oocql002")
                     LET g_sfcc[l_ac].sfcc003_desc = g_chkparam.return1
                     DISPLAY BY NAME g_sfcc[l_ac].sfcc003_desc
                     NEXT FIELD CURRENT
                  END IF
                  #上站作業+上站製程序不可與同項次的本站作業、製程序相同
                  IF g_sfcc[l_ac].sfcc003 = g_sfcb003 AND g_sfcc[l_ac].sfcc004 = g_sfcb004 THEN
                     CALL cl_err('','asf-00132',1)
                     LET g_sfcc[l_ac].sfcc003 = g_sfcc_t.sfcc003
                     LET g_sfcc[l_ac].sfcc004 = g_sfcc_t.sfcc004
                     INITIALIZE g_chkparam.* TO NULL
                     LET g_chkparam.arg1 = '221'
                     LET g_chkparam.arg2 = g_sfcc[l_ac].sfcc003
                     CALL cl_ref_val("v_oocql002")
                     LET g_sfcc[l_ac].sfcc003_desc = g_chkparam.return1
                     DISPLAY BY NAME g_sfcc[l_ac].sfcc003_desc
                     NEXT FIELD CURRENT
                  END IF
                  #本站作业为群组，上站作业群组不可维护成同本站作业群组的
                  SELECT COUNT(*) INTO l_n FROM sfcb_t WHERE sfcbent=g_enterprise AND sfcbsite=g_site
                     AND sfcbdocno=g_sfccdocno AND sfcb001=g_sfcc001 AND sfcb002=g_sfcc002 AND sfcb006=g_sfcc[l_ac].sfcc003
                  IF l_n > 0 THEN
                     CALL cl_err(g_sfcc[l_ac].sfcc003,'asf-00194',1)
                     LET g_sfcc[l_ac].sfcc003 = g_sfcc_t.sfcc003
                     LET g_sfcc[l_ac].sfcc004 = g_sfcc_t.sfcc004
                     INITIALIZE g_chkparam.* TO NULL
                     LET g_chkparam.arg1 = '221'
                     LET g_chkparam.arg2 = g_sfcc[l_ac].sfcc003
                     CALL cl_ref_val("v_oocql002")
                     LET g_sfcc[l_ac].sfcc003_desc = g_chkparam.return1
                     DISPLAY BY NAME g_sfcc[l_ac].sfcc003_desc
                     NEXT FIELD CURRENT
                  END IF
               END IF
               
               INITIALIZE g_chkparam.* TO NULL
               LET g_chkparam.arg1 = '221'
               LET g_chkparam.arg2 = g_sfcc[l_ac].sfcc003
               CALL cl_ref_val("v_oocql002")
               LET g_sfcc[l_ac].sfcc003_desc = g_chkparam.return1
               DISPLAY BY NAME g_sfcc[l_ac].sfcc003_desc 
            END IF
         
         BEFORE FIELD sfcc004
            IF NOT cl_null(g_sfcc[l_ac].sfcc003) THEN
               SELECT COUNT(*) INTO l_n FROM sfcb_t WHERE sfcbent=g_enterprise AND sfcbsite=g_site
                  AND sfcbdocno=g_sfccdocno AND sfcb001=g_sfcc001 AND sfcb006=g_sfcc[l_ac].sfcc003
               IF g_sfcc[l_ac].sfcc003 = 'INIT' OR l_n > 0 THEN
                  CALL cl_set_comp_entry("sfcc004",FALSE)
                  LET l_flag = 'N'
               ELSE
                  CALL cl_set_comp_entry("sfcc004",TRUE)
                  LET l_flag = 'Y'
               END IF
              # LET g_sfcc_t.sfcc004 = g_sfcc[l_ac].sfcc004
            END IF
            
         AFTER FIELD sfcc004
            IF NOT cl_null(g_sfcc[l_ac].sfcc004) AND (cl_null(g_sfcc_t.sfcc004) OR g_sfcc[l_ac].sfcc004 != g_sfcc_t.sfcc004) AND l_flag = 'Y' THEN
                  IF NOT cl_null(g_sfcc[l_ac].sfcc003) THEN
                     IF NOT ap_chk_notDup(g_sfcc[l_ac].sfcc004,"SELECT COUNT(*) FROM sfcc_t WHERE sfccent = '" ||g_enterprise|| "' AND sfccsite = '"||g_site ||"' AND sfccdocno ='"||g_sfccdocno||"' AND sfcc001='"||g_sfcc001||"' AND sfcc002='"||g_sfcc002||"' AND sfcc003 = '"||g_sfcc[l_ac].sfcc003 ||"' AND sfcc004 = '"||g_sfcc[l_ac].sfcc004||"'",'std-00004',1) THEN
                        LET g_sfcc[l_ac].sfcc004 = g_sfcc_t.sfcc004
                        NEXT FIELD CURRENT
                     END IF
                     #是否存在本站作业+制程序
                     SELECT COUNT(*) INTO l_n FROM sfcb_t WHERE sfcbent=g_enterprise AND sfcbsite=g_site
                        AND sfcbdocno=g_sfccdocno AND sfcb001=g_sfcc001 AND sfcb003=g_sfcc[l_ac].sfcc003 AND sfcb004=g_sfcc[l_ac].sfcc004        
                     IF l_n = 0 THEN
                        CALL cl_err(g_sfcc[l_ac].sfcc004,'asf-00132',1)
                        LET g_sfcc[l_ac].sfcc004 = g_sfcc_t.sfcc004
                        NEXT FIELD sfcc004
                     END IF 
                     #上站作業+上站製程序不可與同項次的本站作業、製程序相同
                     IF g_sfcc[l_ac].sfcc003 = g_sfcb003 AND g_sfcc[l_ac].sfcc004 = g_sfcb004 THEN
                        CALL cl_err(g_sfcc[l_ac].sfcc004,'asf-00132',1)
                        LET g_sfcc[l_ac].sfcc004 = g_sfcc_t.sfcc004
                        NEXT FIELD CURRENT
                     END IF
                  END IF
            END IF
            
         ON ACTION controlp INFIELD sfcc003
            INITIALIZE g_qryparam.* TO NULL
            LET g_qryparam.state = 'i'
            LET g_qryparam.reqry = FALSE
            LET g_qryparam.default1 = g_sfcc[l_ac].sfcc003
            LET g_qryparam.arg1 = g_site
            LET g_qryparam.arg2 = g_sfccdocno
            LET g_qryparam.arg3 = g_sfcc001
            CALL q_sfcb003_1()
            LET g_sfcc[l_ac].sfcc003 = g_qryparam.return1 
            LET g_sfcc[l_ac].sfcc004 = g_qryparam.return2 
            DISPLAY g_sfcc[l_ac].sfcc003 TO sfcc003
            DISPLAY g_sfcc[l_ac].sfcc004 TO sfcc004
            NEXT FIELD sfcc003 
      END INPUT
      
      BEFORE DIALOG
         CALL DIALOG.setCurrentRow("s_detail1",l_ac)                {#ADP版次:1#}

      #公用action
      ON ACTION accept
         ACCEPT DIALOG

      ON ACTION cancel
         LET INT_FLAG = TRUE
         EXIT DIALOG

      ON ACTION close
         LET INT_FLAG = TRUE
         EXIT DIALOG

      ON ACTION exit
         LET INT_FLAG = TRUE
         EXIT DIALOG

   END DIALOG
   
   IF INT_FLAG THEN
      LET INT_FLAG = 0
   END IF
   CLOSE asft301_01_cs
   CLOSE WINDOW w_asft301_01
END FUNCTION]]>
</point>
  <point name="function.asft301_01_b_fill" cite_std="N" status="u" ver="1" src="s" new="Y" order="2" mark_hard="N">
<![CDATA[################################################################################
# Descriptions...: 单身显示
# Memo...........:
# Usage..........: CALL asft301_01_b_fill()
# Date & Author..: 2014/2/13 By wuxja
# Modify.........:
################################################################################
PRIVATE FUNCTION asft301_01_b_fill()
   LET g_sql="SELECT sfcc003,'',sfcc004 FROM sfcc_t WHERE sfccent='",g_enterprise,"' AND sfccsite='",g_site,"'",
             "   AND sfccdocno='",g_sfccdocno,"' AND sfcc001='",g_sfcc001,"' AND sfcc002='",g_sfcc002,"'"
   PREPARE asft301_01_pre1 FROM g_sql
   DECLARE asft301_01_cs1 CURSOR FOR asft301_01_pre1
   LET l_ac = 1
   FOREACH asft301_01_cs1 INTO g_sfcc[l_ac].*
      IF SQLCA.sqlcode THEN
         CALL cl_err("FOREACH:",SQLCA.sqlcode,1)
         EXIT FOREACH
      END IF
      #作业编号说明
      INITIALIZE g_chkparam.* TO NULL
      LET g_chkparam.arg1 = '221'
      LET g_chkparam.arg2 = g_sfcc[l_ac].sfcc003
      CALL cl_ref_val("v_oocql002")
      LET g_sfcc[l_ac].sfcc003_desc = g_chkparam.return1
   
      LET l_ac = l_ac + 1
   END FOREACH
   CALL g_sfcc.deleteElement(g_sfcc.getLength())
   LET g_rec_b = l_ac - 1
END FUNCTION]]>
</point>
  <point name="free_style.variable" cite_std="N" status="" ver="1" src="s" new="N" order="" mark_hard="N">
<![CDATA[DEFINE g_sfccdocno            LIKE sfcc_t.sfccdocno
DEFINE g_sfcc001              LIKE sfcc_t.sfcc001
DEFINE g_sfcc002              LIKE sfcc_t.sfcc002
DEFINE g_sfcb003              LIKE sfcb_t.sfcb003
DEFINE g_sfcb004              LIKE sfcb_t.sfcb004
DEFINE g_sfcb003_desc         LIKE oocql_t.oocql004
DEFINE g_sql                  STRING
DEFINE g_forupd_sql           STRING
DEFINE l_ac                   LIKE type_t.num5
DEFINE g_rec_b                LIKE type_t.num5
DEFINE g_sfcc                 DYNAMIC ARRAY OF RECORD
       sfcc003                LIKE sfcc_t.sfcc003,
       sfcc003_desc           LIKE oocql_t.oocql004,
       sfcc004                LIKE sfcc_t.sfcc004
                              END RECORD
DEFINE g_sfcc_t               RECORD
       sfcc003                LIKE sfcc_t.sfcc003,
       sfcc003_desc           LIKE oocql_t.oocql004,
       sfcc004                LIKE sfcc_t.sfcc004
                              END RECORD 
DEFINE g_ref_fields           DYNAMIC ARRAY OF VARCHAR(500) #ap_ref用陣列
DEFINE g_rtn_fields           DYNAMIC ARRAY OF VARCHAR(500) #ap_ref用陣列                              ]]>
</point>
  <point name="main.memo" cite_std="N" status="" ver="" src="s" new="Y">
<![CDATA[]]>
</point>
  <point name="main.import" cite_std="N" status="" ver="" src="s" new="Y">
<![CDATA[]]>
</point>
  <point name="global.inc" cite_std="N" status="" ver="" src="s" new="Y">
<![CDATA[]]>
</point>
  <point name="global.variable" cite_std="N" status="" ver="" src="s" new="Y">
<![CDATA[]]>
</point>
  <section id="asft301_01.description" ver="27" status="" src="s">
<![CDATA[#+ Version..: T100-ERP-1.00.00(SD版次:1,PD版次:1) Build-000036
#+ 
#+ Filename...: asft301_01
#+ Description: ...
#+ Creator....: 01258(2014/02/12)
#+ Modifier...: 01258(2014/02/12)
#+ Buildtype..: 應用 p00 樣板自動產生
#+ 以上段落由子樣板a00產生
]]>
</section>
  <section id="asft301_01.free_style_function" ver="1" status="" src="s">
<![CDATA[#add-point:free_style
{<point name="free_style.function"/>}
#end add-point
]]>
</section>
  <section id="asft301_01.free_style_variable" ver="2" status="" src="s">
<![CDATA[#add-point:free_style模組變數(Module Variable)
{<point name="free_style.variable"/>}
#end add-point
]]>
</section>
  <section id="asft301_01.global" ver="2" status="" src="s">
<![CDATA[#add-point:註解編寫項目
{<point name="main.memo" />}
#end add-point
 
IMPORT os
#add-point:增加匯入項目
{<point name="main.import" />}
#end add-point
 
SCHEMA ds
 
GLOBALS "../../cfg/top_global.inc"
#add-point:增加匯入變數檔
{<point name="global.inc" />}
#end add-point
]]>
</section>
  <section id="asft301_01.global_variable" ver="1" status="" src="s">
<![CDATA[#add-point:自定義模組變數(Module Variable)
{<point name="global.variable"/>}
#end add-point
]]>
</section>
  <section id="asft301_01.other_dialog" ver="1" status="" src="s">
<![CDATA[{<point name="other.dialog"/>}
]]>
</section>
  <section id="asft301_01.other_function" ver="1" status="" src="s">
<![CDATA[{<point name="other.function"/>}
]]>
</section>
</add_points>