<add_points prog="axct301_01" std_prog="axct301_01" erpver="1.0" module="AXC" ver="1" env="s" zone="t10dev" booking="Y">
  <point name="function.axct301_01_xccbcomp_desc" cite_std="N" status="" ver="1" src="s" new="Y" order="1" mark_hard="N">
<![CDATA[
################################################################################
# Descriptions...: 描述说明
# Memo...........:
# Usage..........: CALL s_aooi150_ins (传入参数)
#                  RETURNING 回传参数
# Input parameter: 传入参数变量1   传入参数变量说明1
#                : 传入参数变量2   传入参数变量说明2
# Return code....: 回传参数变量1   回传参数变量说明1
#                : 回传参数变量2   回传参数变量说明2
# Date & Author..: 日期 By 作者
# Modify.........:
################################################################################
PRIVATE FUNCTION axct301_01_xccbcomp_desc()
   SELECT ooefl003 INTO g_xccb_m.xccbcomp_desc FROM ooefl_t 
    WHERE ooeflent=g_enterprise AND ooefl001=g_xccb_m.xccbcomp AND ooefl002=g_dlang

   DISPLAY BY NAME g_xccb_m.xccbcomp_desc
END FUNCTION]]>
</point>
  <point name="function.axct301_01_ins_excel" cite_std="N" status="u" ver="1" src="s" new="Y" order="2" mark_hard="N">
<![CDATA[
################################################################################
# Descriptions...: 描述说明
# Memo...........:
# Usage..........: CALL s_aooi150_ins (传入参数)
#                  RETURNING 回传参数
# Input parameter: 传入参数变量1   传入参数变量说明1
#                : 传入参数变量2   传入参数变量说明2
# Return code....: 回传参数变量1   回传参数变量说明1
#                : 回传参数变量2   回传参数变量说明2
# Date & Author..: 日期 By 作者
# Modify.........:
################################################################################
PRIVATE FUNCTION axct301_01_ins_excel(p_excelname)
DEFINE p_excelname LIKE type_t.chr1000  #excel档名
DEFINE r_success   LIKE type_t.num5
DEFINE l_excelname STRING               #excel档名
DEFINE l_count     LIKE type_t.num10
DEFINE li_i        LIKE type_t.num10
DEFINE li_j        LIKE type_t.num10
DEFINE xlapp,iRes,iRow    LIKE type_t.num5
DEFINE l_xccb      RECORD LIKE xccb_t.*
DEFINE l_xccb1     RECORD LIKE xccb_t.*
DEFINE l_xccb2     RECORD LIKE xccb_t.*
DEFINE l_today     LIKE type_t.dat       #zll g_today 没有了
DEFINE l_n         LIKE type_t.num5
DEFINE l_xccbstus  LIKE xccb_t.xccbstus
DEFINE l_xccbcrtdt    DATETIME YEAR TO SECOND

   WHENEVER ERROR CONTINUE
   LET r_success = TRUE

   LET l_today= cl_get_current()
   LET l_count = LENGTH(p_excelname CLIPPED)
   #转换路径分隔符
   FOR li_i = 1 TO l_count
       IF p_excelname[li_i,li_i] ="/" THEN
          LET l_excelname = l_excelname CLIPPED,'\\'
       ELSE
          LET l_excelname = l_excelname CLIPPED,p_excelname[li_i,li_i]
       END IF
   END FOR

   CALL ui.interface.frontCall('WinCOM','CreateInstance',
                               ['Excel.Application'],[xlApp])
   IF xlApp <> -1 THEN
      CALL ui.interface.frontCall('WinCOM','CallMethod',
                                  [xlApp,'WorkBooks.Open',l_excelname],[iRes])
      IF iRes <> -1 THEN
         CALL ui.interface.frontCall('WinCOM','GetProperty',
              [xlApp,'ActiveSheet.UsedRange.Rows.Count'],[iRow])
         IF iRow > 1 THEN
            FOR li_i = 2 TO iRow
                INITIALIZE l_xccb.* TO NULL
                CALL ui.interface.frontCall('WinCOM','GetProperty',[xlApp,'ActiveSheet.Cells('||li_i||',1).Value'],[l_xccb.xccbent])
                CALL ui.interface.frontCall('WinCOM','GetProperty',[xlApp,'ActiveSheet.Cells('||li_i||',2).Value'],[l_xccb.xccbld])
                CALL ui.interface.frontCall('WinCOM','GetProperty',[xlApp,'ActiveSheet.Cells('||li_i||',3).Value'],[l_xccb.xccbcomp])
                CALL ui.interface.frontCall('WinCOM','GetProperty',[xlApp,'ActiveSheet.Cells('||li_i||',4).Value'],[l_xccb.xccb001])
                CALL ui.interface.frontCall('WinCOM','GetProperty',[xlApp,'ActiveSheet.Cells('||li_i||',5).Value'],[l_xccb.xccb002])
                CALL ui.interface.frontCall('WinCOM','GetProperty',[xlApp,'ActiveSheet.Cells('||li_i||',6).Value'],[l_xccb.xccb003])
                CALL ui.interface.frontCall('WinCOM','GetProperty',[xlApp,'ActiveSheet.Cells('||li_i||',7).Value'],[l_xccb.xccb004])
                CALL ui.interface.frontCall('WinCOM','GetProperty',[xlApp,'ActiveSheet.Cells('||li_i||',8).Value'],[l_xccb.xccb005])
                CALL ui.interface.frontCall('WinCOM','GetProperty',[xlApp,'ActiveSheet.Cells('||li_i||',9).Value'],[l_xccb.xccb006])
                CALL ui.interface.frontCall('WinCOM','GetProperty',[xlApp,'ActiveSheet.Cells('||li_i||',10).Value'],[l_xccb.xccb007])
                CALL ui.interface.frontCall('WinCOM','GetProperty',[xlApp,'ActiveSheet.Cells('||li_i||',11).Value'],[l_xccb.xccb008])
                CALL ui.interface.frontCall('WinCOM','GetProperty',[xlApp,'ActiveSheet.Cells('||li_i||',13).Value'],[l_xccb.xccb010])
                CALL ui.interface.frontCall('WinCOM','GetProperty',[xlApp,'ActiveSheet.Cells('||li_i||',14).Value'],[l_xccb.xccb101])
                CALL ui.interface.frontCall('WinCOM','GetProperty',[xlApp,'ActiveSheet.Cells('||li_i||',15).Value'],[l_xccb.xccb102])
                CALL ui.interface.frontCall('WinCOM','GetProperty',[xlApp,'ActiveSheet.Cells('||li_i||',16).Value'],[l_xccb.xccb102a])
                CALL ui.interface.frontCall('WinCOM','GetProperty',[xlApp,'ActiveSheet.Cells('||li_i||',17).Value'],[l_xccb.xccb102b])
                CALL ui.interface.frontCall('WinCOM','GetProperty',[xlApp,'ActiveSheet.Cells('||li_i||',18).Value'],[l_xccb.xccb102c])
                CALL ui.interface.frontCall('WinCOM','GetProperty',[xlApp,'ActiveSheet.Cells('||li_i||',19).Value'],[l_xccb.xccb102d])
                CALL ui.interface.frontCall('WinCOM','GetProperty',[xlApp,'ActiveSheet.Cells('||li_i||',20).Value'],[l_xccb.xccb102e])
                CALL ui.interface.frontCall('WinCOM','GetProperty',[xlApp,'ActiveSheet.Cells('||li_i||',21).Value'],[l_xccb.xccb102f])
                CALL ui.interface.frontCall('WinCOM','GetProperty',[xlApp,'ActiveSheet.Cells('||li_i||',22).Value'],[l_xccb.xccb102g])
                CALL ui.interface.frontCall('WinCOM','GetProperty',[xlApp,'ActiveSheet.Cells('||li_i||',23).Value'],[l_xccb.xccb102h])
                CALL ui.interface.frontCall('WinCOM','GetProperty',[xlApp,'ActiveSheet.Cells('||li_i||',24).Value'],[l_xccb.xccb102])
                CALL ui.interface.frontCall('WinCOM','GetProperty',[xlApp,'ActiveSheet.Cells('||li_i||',25).Value'],[l_xccb1.xccb102a])
                CALL ui.interface.frontCall('WinCOM','GetProperty',[xlApp,'ActiveSheet.Cells('||li_i||',26).Value'],[l_xccb1.xccb102b])
                CALL ui.interface.frontCall('WinCOM','GetProperty',[xlApp,'ActiveSheet.Cells('||li_i||',27).Value'],[l_xccb1.xccb102c])
                CALL ui.interface.frontCall('WinCOM','GetProperty',[xlApp,'ActiveSheet.Cells('||li_i||',28).Value'],[l_xccb1.xccb102d])
                CALL ui.interface.frontCall('WinCOM','GetProperty',[xlApp,'ActiveSheet.Cells('||li_i||',29).Value'],[l_xccb1.xccb102e])
                CALL ui.interface.frontCall('WinCOM','GetProperty',[xlApp,'ActiveSheet.Cells('||li_i||',30).Value'],[l_xccb1.xccb102f])
                CALL ui.interface.frontCall('WinCOM','GetProperty',[xlApp,'ActiveSheet.Cells('||li_i||',31).Value'],[l_xccb1.xccb102g])
                CALL ui.interface.frontCall('WinCOM','GetProperty',[xlApp,'ActiveSheet.Cells('||li_i||',32).Value'],[l_xccb1.xccb102h])
                CALL ui.interface.frontCall('WinCOM','GetProperty',[xlApp,'ActiveSheet.Cells('||li_i||',33).Value'],[l_xccb1.xccb102])
                CALL ui.interface.frontCall('WinCOM','GetProperty',[xlApp,'ActiveSheet.Cells('||li_i||',34).Value'],[l_xccb2.xccb102a])
                CALL ui.interface.frontCall('WinCOM','GetProperty',[xlApp,'ActiveSheet.Cells('||li_i||',35).Value'],[l_xccb2.xccb102b])
                CALL ui.interface.frontCall('WinCOM','GetProperty',[xlApp,'ActiveSheet.Cells('||li_i||',36).Value'],[l_xccb2.xccb102c])
                CALL ui.interface.frontCall('WinCOM','GetProperty',[xlApp,'ActiveSheet.Cells('||li_i||',37).Value'],[l_xccb2.xccb102d])
                CALL ui.interface.frontCall('WinCOM','GetProperty',[xlApp,'ActiveSheet.Cells('||li_i||',38).Value'],[l_xccb2.xccb102e])
                CALL ui.interface.frontCall('WinCOM','GetProperty',[xlApp,'ActiveSheet.Cells('||li_i||',38).Value'],[l_xccb2.xccb102f])
                CALL ui.interface.frontCall('WinCOM','GetProperty',[xlApp,'ActiveSheet.Cells('||li_i||',40).Value'],[l_xccb2.xccb102g])
                CALL ui.interface.frontCall('WinCOM','GetProperty',[xlApp,'ActiveSheet.Cells('||li_i||',41).Value'],[l_xccb2.xccb102h])
                CALL ui.interface.frontCall('WinCOM','GetProperty',[xlApp,'ActiveSheet.Cells('||li_i||',42).Value'],[l_xccb2.xccb102])

                #如果excel中存在不在畫面上的法人或者帳套CONTINUE
                IF l_xccb.xccbld != g_xccb_m.xccbld OR l_xccb.xccbcomp != g_xccb_m.xccbcomp THEN
                   CONTINUE FOR
                END IF
                
                #赋默认值
                LET l_xccb1.xccbent = l_xccb.xccbent
                LET l_xccb1.xccbld =  l_xccb.xccbld
                LET l_xccb1.xccbcomp =l_xccb.xccbcomp
                LET l_xccb1.xccb002 = l_xccb.xccb002
                LET l_xccb1.xccb003 = l_xccb.xccb003
                LET l_xccb1.xccb004 = l_xccb.xccb004
                LET l_xccb1.xccb005 = l_xccb.xccb005
                LET l_xccb1.xccb006 = l_xccb.xccb006
                LET l_xccb1.xccb007 = l_xccb.xccb007
                LET l_xccb1.xccb008 = l_xccb.xccb008
                LET l_xccb1.xccb010 = l_xccb.xccb010
                LET l_xccb1.xccb101 = l_xccb.xccb101
                LET l_xccb2.xccbent = l_xccb.xccbent
                LET l_xccb2.xccbld =  l_xccb.xccbld
                LET l_xccb2.xccbcomp =l_xccb.xccbcomp
                LET l_xccb2.xccb002 = l_xccb.xccb002
                LET l_xccb2.xccb003 = l_xccb.xccb003
                LET l_xccb2.xccb004 = l_xccb.xccb004
                LET l_xccb2.xccb005 = l_xccb.xccb005
                LET l_xccb2.xccb006 = l_xccb.xccb006
                LET l_xccb2.xccb007 = l_xccb.xccb007
                LET l_xccb2.xccb008 = l_xccb.xccb008
                LET l_xccb2.xccb010 = l_xccb.xccb010
                LET l_xccb2.xccb101 = l_xccb.xccb101
                LET l_xccb.xccbownid = g_user
                LET l_xccb.xccbowndp = g_dept
                LET l_xccb.xccbcrtid = g_user
                LET l_xccb.xccbcrtdp = g_dept 
                LET l_xccbcrtdt = cl_get_current()
                LET l_xccb.xccbmodid = ""
                LET l_xccb.xccbmoddt = ""
                LET l_xccb.xccbcnfid = ""
                LET l_xccb.xccbcnfdt = "" 
                LET l_xccb.xccbpstid = ""
                LET l_xccb.xccbpstdt = "" 
                LET l_xccb.xccbpstdt = ""
                LET l_xccb1.xccb001 = '2'
                LET l_xccb1.xccbownid = g_user
                LET l_xccb1.xccbowndp = g_dept
                LET l_xccb1.xccbcrtid = g_user
                LET l_xccb1.xccbcrtdp = g_dept 
                LET l_xccb1.xccbmodid = ""
                LET l_xccb1.xccbmoddt = ""
                LET l_xccb1.xccbcnfid = ""
                LET l_xccb1.xccbcnfdt = "" 
                LET l_xccb1.xccbpstid = ""
                LET l_xccb1.xccbpstdt = "" 
                LET l_xccb1.xccbpstdt = ""
                LET l_xccb2.xccb001 = '3'
                LET l_xccb2.xccbownid = g_user
                LET l_xccb2.xccbowndp = g_dept
                LET l_xccb2.xccbcrtid = g_user
                LET l_xccb2.xccbcrtdp = g_dept 
                LET l_xccb2.xccbmodid = ""
                LET l_xccb2.xccbmoddt = ""
                LET l_xccb2.xccbcnfid = ""
                LET l_xccb2.xccbcnfdt = "" 
                LET l_xccb2.xccbpstid = ""
                LET l_xccb2.xccbpstdt = "" 
                LET l_xccb2.xccbpstdt = ""

                   
                   INSERT INTO xccb_t VALUES l_xccb.*
                   IF g_glaa015 = 'Y' THEN
                      INSERT INTO xccb_t VALUES l_xccb1.*
                   END IF
                   IF g_glaa019 = 'Y' THEN
                      INSERT INTO xccb_t VALUES l_xccb2.*
                   END IF
                   IF SQLCA.sqlcode THEN
                      CALL cl_err('ins xccb',SQLCA.sqlcode,0)
                      LET r_success = FALSE
                      EXIT FOR
                   END IF
               #END IF
            END FOR
         END IF
      ELSE
         CALL cl_err('NO FILE','',1)
         LET r_success = FALSE
      END IF
   ELSE
      CALL cl_err('NO EXCEL','',1)
      LET r_success = FALSE
   END IF

   CALL ui.interface.frontCall('WinCOM','CallMethod',[xlApp,'Quit'],[iRes])
   CALL ui.interface.frontCall('WinCOM','ReleaseInstance',[xlApp],[iRes])

   RETURN r_success
END FUNCTION]]>
</point>
  <point name="function.axct301_01_xccbld_desc" cite_std="N" status="" ver="1" src="s" new="Y" order="3" mark_hard="N">
<![CDATA[
################################################################################
# Descriptions...: 描述说明
# Memo...........:
# Usage..........: CALL s_aooi150_ins (传入参数)
#                  RETURNING 回传参数
# Input parameter: 传入参数变量1   传入参数变量说明1
#                : 传入参数变量2   传入参数变量说明2
# Return code....: 回传参数变量1   回传参数变量说明1
#                : 回传参数变量2   回传参数变量说明2
# Date & Author..: 日期 By 作者
# Modify.........:
################################################################################
PRIVATE FUNCTION axct301_01_xccbld_desc()
   SELECT glaa015,glaa019 INTO g_glaa015,g_glaa019 FROM glaa_t
    WHERE glaaent = g_enterprise AND glaald = g_xccb_m.xccbld
    
   SELECT glaal003 INTO g_xccb_m.xccbld_desc FROM glaal_t 
    WHERE glaalent=g_enterprise AND glaal001=g_xccb_m.xccbld AND glaal002=g_dlang

   DISPLAY BY NAME g_xccb_m.xccbld_desc
END FUNCTION]]>
</point>
  <point name="global.variable" cite_std="N" status="" ver="1" src="s" new="N" order="" mark_hard="N">
<![CDATA[DEFINE g_xccb_m_t      type_g_xccb_m
DEFINE l_success       LIKE type_t.num5
DEFINE g_glaa015       LIKE glaa_t.glaa015
DEFINE g_glaa019       LIKE glaa_t.glaa019]]>
</point>
  <point name="input.a.xccbcomp" cite_std="N" status="" ver="1" src="s" new="N" order="" mark_hard="N">
<![CDATA[            IF NOT cl_null(g_xccb_m.xccbcomp) THEN
               #設定g_chkparam.*的參數前，先將其初始化，避免之前設定遺留的參數值造成影響。
               INITIALIZE g_chkparam.* TO NULL

               #設定g_chkparam.*的參數
               LET g_chkparam.arg1 = g_xccb_m.xccbcomp

               #呼叫檢查存在並帶值的library
               IF NOT cl_chk_exist('v_ooef001_15') THEN
                  #檢查失敗時後續處理
                  LET g_xccb_m.xccbcomp = g_xccb_m_t.xccbcomp
                  CALL axct301_01_xccbcomp_desc() 
                  NEXT FIELD xccbcomp
               END IF
               IF NOT cl_null(g_xccb_m.xccbld) THEN
                  LET l_n = 0
                  SELECT COUNT(*) INTO l_n FROM glaa_t 
                   WHERE glaaent = g_enterprise AND glaald = g_xccb_m.xccbld
                     AND glaacomp = g_xccb_m.xccbcomp
                  IF l_n = 0 THEN
                     CALL cl_err(g_xccb_m_t.xccbcomp,'axc-00224',0)
                     CALL axct301_01_xccbcomp_desc() 
                     NEXT FIELD xccbld
                  END IF
               END IF
               INITIALIZE g_ref_fields TO NULL
               LET g_ref_fields[1] = g_xccb_m.xccbcomp
               CALL ap_ref_array2(g_ref_fields,"SELECT ooefl003 FROM ooefl_t WHERE ooeflent='"||g_enterprise||"' AND ooefl001=? AND ooefl002='"||g_dlang||"'","") RETURNING g_rtn_fields
               LET g_xccb_m.xccbcomp_desc = '', g_rtn_fields[1] , ''
               DISPLAY BY NAME g_xccb_m.xccbcomp_desc
               
               
                                                    
            END IF ]]>
</point>
  <point name="input.a.xccbld" cite_std="N" status="" ver="1" src="s" new="N" order="" mark_hard="N">
<![CDATA[            INITIALIZE g_ref_fields TO NULL
            LET g_ref_fields[1] = g_xccb_m.xccbld
            CALL ap_ref_array2(g_ref_fields,"SELECT glaal002 FROM glaal_t WHERE glaalent='"||g_enterprise||"' AND glaalld=? AND glaal001='"||g_dlang||"'","") RETURNING g_rtn_fields
            LET g_xccb_m.xccbld_desc = '', g_rtn_fields[1] , ''
            DISPLAY BY NAME g_xccb_m.xccbld_desc

            IF NOT cl_null(g_xccb_m.xccbld) THEN
               #設定g_chkparam.*的參數前，先將其初始化，避免之前設定遺留的參數值造成影響。
               INITIALIZE g_chkparam.* TO NULL

               #設定g_chkparam.*的參數
               LET g_chkparam.arg1 = g_xccb_m.xccbld

               #呼叫檢查存在並帶值的library
               IF NOT cl_chk_exist('v_glaald') THEN
                  #檢查失敗時後續處理
                  LET g_xccb_m.xccbld = g_xccb_m_t.xccbld
                  CALL axct301_01_xccbld_desc()
                  NEXT FIELD xccbld
               END IF
               
               IF NOT cl_null(g_xccb_m.xccbcomp) THEN
                  LET l_n = 0
                  SELECT COUNT(*) INTO l_n FROM glaa_t 
                   WHERE glaaent = g_enterprise AND glaacomp = g_xccb_m.xccbcomp
                     AND glaald = g_xccb_m.xccbld
                  IF l_n = 0 THEN
                     CALL axct301_01_xccbld_desc()
                     CALL cl_err(g_xccb_m.xccbld,'axc-00225',0)
                     NEXT FIELD xccbld
                  END IF
               END IF
               
               IF NOT s_ld_chk_authorization(g_user,g_xccb_m.xccbld) THEN
                  CALL axct301_01_xccbld_desc()
                  CALL cl_err(g_xccb_m.xccbcomp,'agl-00165',0)
                  NEXT FIELD xccbcomp
               END IF
               CALL axct301_01_xccbld_desc()                               
            END IF]]>
</point>
  <point name="input.before_input" cite_std="N" status="" ver="1" src="s" new="N" order="" mark_hard="N">
<![CDATA[            CALL cl_set_combo_scc('format','8915')]]>
</point>
  <point name="input.c.xccbcomp" cite_std="N" status="" ver="1" src="s" new="N" order="" mark_hard="N">
<![CDATA[            #此段落由子樣板a07產生            
            #開窗i段
            INITIALIZE g_qryparam.* TO NULL
            LET g_qryparam.state = 'i'
            LET g_qryparam.reqry = FALSE

            LET g_qryparam.default1 = g_xccb_m.xccbcomp             #給予default值
            LET g_qryparam.default2 = "" #g_xccb_m.ooefl003 #說明(簡稱)
            #給予arg
           #LET g_qryparam.arg1 = "" #
           IF NOT cl_null(g_xccb_m.xccbld) THEN
              LET g_qryparam.where = "ooef003 = 'Y' AND ooef017 = (SELECT glaacomp FROM glaa_t",
                      "  WHERE glaaent = '",g_enterprise,"' AND glaald = '",g_xccb_m.xccbld,"' )"
            END IF

            
            CALL q_ooef001()                                #呼叫開窗

            LET g_xccb_m.xccbcomp = g_qryparam.return1              
            #LET g_xccb_m.ooefl003 = g_qryparam.return2 
            DISPLAY g_xccb_m.xccbcomp TO xccbcomp              #
            #DISPLAY g_xccb_m.ooefl003 TO ooefl003 #說明(簡稱)
            LET g_qryparam.where = NULL
            NEXT FIELD xccbcomp                          #返回原欄位

]]>
</point>
  <point name="input.c.xccbld" cite_std="N" status="" ver="1" src="s" new="N" order="" mark_hard="N">
<![CDATA[            #此段落由子樣板a07產生            
            #開窗i段
            INITIALIZE g_qryparam.* TO NULL
            LET g_qryparam.state = 'i'
            LET g_qryparam.reqry = FALSE

            LET g_qryparam.default1 = g_xccb_m.xccbld             #給予default值

            #給予arg
            LET g_qryparam.arg1 = g_user
            LET g_qryparam.arg2 = g_dept
            IF NOT cl_null(g_xccb_m.xccbcomp) THEN
               LET g_qryparam.where = " glaacomp = '",g_xccb_m.xccbcomp,"'"
            END IF
            
            CALL q_authorised_ld()                                #呼叫開窗

            LET g_xccb_m.xccbld = g_qryparam.return1              

            DISPLAY g_xccb_m.xccbld TO xccbld              #
            LET g_qryparam.where = NULL

            NEXT FIELD xccbld                          #返回原欄位

]]>
</point>
  <point name="input.define" cite_std="N" status="" ver="1" src="s" new="N" order="" mark_hard="N">
<![CDATA[   DEFINE l_excel         STRING 
   DEFINE ls_str          STRING
   DEFINE l_chr           LIKE type_t.chr1   
   DEFINE l_chr1          LIKE type_t.chr1   
   DEFINE l_num           LIKE type_t.num5
   DEFINE l_n             LIKE type_t.num5]]>
</point>
  <point name="input.more_input" cite_std="N" status="" ver="1" src="s" new="N" order="" mark_hard="N">
<![CDATA[      ON ACTION browser
         CALL cl_client_browse_file() RETURNING g_xccb_m.way
         LET ls_str = g_xccb_m.way
         #抓取目录斜杆
         LET l_num =ls_str.getIndexOf(':',1)                                    #抓取：后的字符位置
         LET l_chr = ls_str.substring(l_num+1,l_num+1)                        #截取冒号后的字符 
         LET l_chr1 = ls_str.substring(ls_str.getLength(),ls_str.getLength())    #判断是否为根目录
#         IF l_chr <> l_chr1  THEN         
#            LET g_xccb_m.way = g_xccb_m.way||l_chr
#         ELSE
            LET g_xccb_m.way = g_xccb_m.way
#         END IF 
         DISPLAY BY NAME g_xccb_m.way]]>
</point>
  <point name="input.post_input" cite_std="N" status="" ver="1" src="s" new="N" order="" mark_hard="N">
<![CDATA[   CALL axct301_01_ins_excel(g_xccb_m.way) RETURNING l_success
   RETURN l_success]]>
</point>
  <point name="input.pre_input" cite_std="N" status="" ver="1" src="s" new="N" order="" mark_hard="N">
<![CDATA[   LET g_xccb_m.xccbcomp = ' '
   LET g_xccb_m.xccbld = '' 
   LET g_xccb_m.format = ''
   LET g_xccb_m.mold = ''
   LET g_xccb_m.way = '']]>
</point>
  <point name="show.head.reference" cite_std="N" status="" ver="1" src="s" new="N" order="" mark_hard="N">
<![CDATA[
            INITIALIZE g_ref_fields TO NULL
            LET g_ref_fields[1] = g_xccb_m.xccbld
            CALL ap_ref_array2(g_ref_fields,"SELECT glaal002 FROM glaal_t WHERE glaalent='"||g_enterprise||"' AND glaalld=? AND glaal001='"||g_dlang||"'","") RETURNING g_rtn_fields
            LET g_xccb_m.xccbld_desc = '', g_rtn_fields[1] , ''
            DISPLAY BY NAME g_xccb_m.xccbld_desc

            INITIALIZE g_ref_fields TO NULL
            LET g_ref_fields[1] = g_xccb_m.xccbcomp
            CALL ap_ref_array2(g_ref_fields,"SELECT ooefl003 FROM ooefl_t WHERE ooeflent='"||g_enterprise||"' AND ooefl001=? AND ooefl002='"||g_dlang||"'","") RETURNING g_rtn_fields
            LET g_xccb_m.xccbcomp_desc = '', g_rtn_fields[1] , ''
            DISPLAY BY NAME g_xccb_m.xccbcomp_desc
]]>
</point>
  <point name="global.memo" cite_std="N" status="" ver="" src="s" new="Y">
<![CDATA[]]>
</point>
  <point name="global.import" cite_std="N" status="" ver="" src="s" new="Y">
<![CDATA[]]>
</point>
  <point name="global.inc" cite_std="N" status="" ver="" src="s" new="Y">
<![CDATA[]]>
</point>
  <point name="global.argv" cite_std="N" status="" ver="" src="s" new="Y">
<![CDATA[]]>
</point>
  <point name="input.get_var" cite_std="N" status="" ver="" src="s" new="Y">
<![CDATA[]]>
</point>
  <point name="input.action" cite_std="N" status="" ver="" src="s" new="Y">
<![CDATA[]]>
</point>
  <point name="input.b.xccbcomp" cite_std="N" status="" ver="" src="s" new="Y">
<![CDATA[]]>
</point>
  <point name="input.g.xccbcomp" cite_std="N" status="" ver="" src="s" new="Y">
<![CDATA[]]>
</point>
  <point name="input.b.xccbld" cite_std="N" status="" ver="" src="s" new="Y">
<![CDATA[]]>
</point>
  <point name="input.g.xccbld" cite_std="N" status="" ver="" src="s" new="Y">
<![CDATA[]]>
</point>
  <point name="input.b.format" cite_std="N" status="" ver="" src="s" new="Y">
<![CDATA[]]>
</point>
  <point name="input.a.format" cite_std="N" status="" ver="" src="s" new="Y">
<![CDATA[]]>
</point>
  <point name="input.g.format" cite_std="N" status="" ver="" src="s" new="Y">
<![CDATA[]]>
</point>
  <point name="input.b.mold" cite_std="N" status="" ver="" src="s" new="Y">
<![CDATA[]]>
</point>
  <point name="input.a.mold" cite_std="N" status="" ver="" src="s" new="Y">
<![CDATA[]]>
</point>
  <point name="input.g.mold" cite_std="N" status="" ver="" src="s" new="Y">
<![CDATA[]]>
</point>
  <point name="input.b.way" cite_std="N" status="" ver="" src="s" new="Y">
<![CDATA[]]>
</point>
  <point name="input.a.way" cite_std="N" status="" ver="" src="s" new="Y">
<![CDATA[]]>
</point>
  <point name="input.g.way" cite_std="N" status="" ver="" src="s" new="Y">
<![CDATA[]]>
</point>
  <point name="input.c.format" cite_std="N" status="" ver="" src="s" new="Y">
<![CDATA[]]>
</point>
  <point name="input.c.mold" cite_std="N" status="" ver="" src="s" new="Y">
<![CDATA[]]>
</point>
  <point name="input.c.way" cite_std="N" status="" ver="" src="s" new="Y">
<![CDATA[]]>
</point>
  <point name="input.after_input" cite_std="N" status="" ver="" src="s" new="Y">
<![CDATA[]]>
</point>
  <point name="input.before_close" cite_std="N" status="" ver="" src="s" new="Y">
<![CDATA[]]>
</point>
  <section id="axct301_01.description" ver="19" status="" src="s">
<![CDATA[#+ Version..: T100-ERP-1.00.00(SD版次:1,PD版次:1) Build-000018
#+ 
#+ Filename...: axct301_01
#+ Description: ...
#+ Creator....: 02291(2014/04/14)
#+ Modifier...: 02291(2014/04/14)
#+ Buildtype..: 應用 c01b 樣板自動產生
#+ 以上段落由子樣板a00產生
]]>
</section>
  <section id="axct301_01.global" ver="2" status="" src="s">
<![CDATA[{<point name="global.memo" />}
 
IMPORT os
IMPORT FGL lib_cl_dlg
#add-point:增加匯入項目
{<point name="global.import" />}
#end add-point
 
SCHEMA ds
 
GLOBALS "../../cfg/top_global.inc"
 
#add-point:增加匯入變數檔
{<point name="global.inc" />}
#end add-point
 
#單頭 type 宣告
PRIVATE type type_g_xccb_m        RECORD
       xccbcomp LIKE xccb_t.xccbcomp, 
   xccbcomp_desc LIKE type_t.chr80, 
   xccbld LIKE xccb_t.xccbld, 
   xccbld_desc LIKE type_t.chr80, 
   format LIKE type_t.chr80, 
   mold LIKE type_t.chr80, 
   way LIKE type_t.chr80
       END RECORD
DEFINE g_xccb_m        type_g_xccb_m
 
   DEFINE g_xccbld_t LIKE xccb_t.xccbld
 
 
DEFINE g_ref_fields          DYNAMIC ARRAY OF VARCHAR(500) #ap_ref用陣列
DEFINE g_rtn_fields          DYNAMIC ARRAY OF VARCHAR(500) #ap_ref用陣列
 
#add-point:自定義模組變數(Module Variable)
{<point name="global.variable"/>}
#end add-point
 
#add-point:傳入參數說明(global.argv)
{<point name="global.argv"/>}
#end add-point
]]>
</section>
  <section id="axct301_01.input" ver="3" status="" src="s">
<![CDATA[#+ 資料輸入
PUBLIC FUNCTION axct301_01(--)
   #add-point:input段變數傳入
   {<point name="input.get_var"/>}
   #end add-point
   )
   DEFINE l_ac_t          LIKE type_t.num5        #未取消的ARRAY CNT 
   DEFINE l_allow_insert  LIKE type_t.num5        #可新增否 
   DEFINE l_allow_delete  LIKE type_t.num5        #可刪除否  
   DEFINE l_count         LIKE type_t.num5
   DEFINE l_insert        LIKE type_t.num5
   DEFINE p_cmd           LIKE type_t.chr5
   #add-point:input段define
   {<point name="input.define"/>}
   #end add-point
 
   #畫面開啟 (identifier)
   OPEN WINDOW w_axct301_01 WITH FORM cl_ap_formpath("axc","axct301_01")
 
   #瀏覽頁簽資料初始化
   CALL cl_ui_init()
   
   LET g_qryparam.state = "i"
   LET p_cmd = 'a'
   
   #輸入前處理
   #add-point:單頭前置處理
   {<point name="input.pre_input"/>}
   #end add-point
  
   DIALOG ATTRIBUTES(UNBUFFERED,FIELD ORDER FORM)
   
      #輸入開始
      INPUT BY NAME g_xccb_m.xccbcomp,g_xccb_m.xccbld,g_xccb_m.format,g_xccb_m.mold,g_xccb_m.way ATTRIBUTE(WITHOUT  
          DEFAULTS)
         
         #自訂ACTION
         #add-point:單頭前置處理
         {<point name="input.action"/>}
         #end add-point
         
         #自訂ACTION(master_input)
         
         
         BEFORE INPUT
            #add-point:單頭輸入前處理
            {<point name="input.before_input"/>}
            #end add-point
          
         #---------------------------<  Master  >---------------------------
         #----<<xccbcomp>>----
         #此段落由子樣板a02產生
         AFTER FIELD xccbcomp
            
            #add-point:AFTER FIELD xccbcomp
            {<point name="input.a.xccbcomp" />}
            #END add-point
            
 
         #此段落由子樣板a01產生
         BEFORE FIELD xccbcomp
            #add-point:BEFORE FIELD xccbcomp
            {<point name="input.b.xccbcomp" />}
            #END add-point
 
         #此段落由子樣板a04產生
         ON CHANGE xccbcomp
            #add-point:ON CHANGE xccbcomp
            {<point name="input.g.xccbcomp" />}
            #END add-point
 
         #----<<xccbcomp_desc>>----
         #----<<xccbld>>----
         #此段落由子樣板a02產生
         AFTER FIELD xccbld
            
            #add-point:AFTER FIELD xccbld
            {<point name="input.a.xccbld" />}
            #END add-point
            
 
         #此段落由子樣板a01產生
         BEFORE FIELD xccbld
            #add-point:BEFORE FIELD xccbld
            {<point name="input.b.xccbld" />}
            #END add-point
 
         #此段落由子樣板a04產生
         ON CHANGE xccbld
            #add-point:ON CHANGE xccbld
            {<point name="input.g.xccbld" />}
            #END add-point
 
         #----<<xccbld_desc>>----
         #----<<format>>----
         #此段落由子樣板a01產生
         BEFORE FIELD format
            #add-point:BEFORE FIELD format
            {<point name="input.b.format" />}
            #END add-point
 
         #此段落由子樣板a02產生
         AFTER FIELD format
            
            #add-point:AFTER FIELD format
            {<point name="input.a.format" />}
            #END add-point
            
 
         #此段落由子樣板a04產生
         ON CHANGE format
            #add-point:ON CHANGE format
            {<point name="input.g.format" />}
            #END add-point
 
         #----<<mold>>----
         #此段落由子樣板a01產生
         BEFORE FIELD mold
            #add-point:BEFORE FIELD mold
            {<point name="input.b.mold" />}
            #END add-point
 
         #此段落由子樣板a02產生
         AFTER FIELD mold
            
            #add-point:AFTER FIELD mold
            {<point name="input.a.mold" />}
            #END add-point
            
 
         #此段落由子樣板a04產生
         ON CHANGE mold
            #add-point:ON CHANGE mold
            {<point name="input.g.mold" />}
            #END add-point
 
         #----<<way>>----
         #此段落由子樣板a01產生
         BEFORE FIELD way
            #add-point:BEFORE FIELD way
            {<point name="input.b.way" />}
            #END add-point
 
         #此段落由子樣板a02產生
         AFTER FIELD way
            
            #add-point:AFTER FIELD way
            {<point name="input.a.way" />}
            #END add-point
            
 
         #此段落由子樣板a04產生
         ON CHANGE way
            #add-point:ON CHANGE way
            {<point name="input.g.way" />}
            #END add-point
 
 #欄位檢查
         #---------------------------<  Master  >---------------------------
         #----<<xccbcomp>>----
         #Ctrlp:input.c.xccbcomp
         ON ACTION controlp INFIELD xccbcomp
            #add-point:ON ACTION controlp INFIELD xccbcomp
            {<point name="input.c.xccbcomp" />}
            #END add-point
 
         #----<<xccbcomp_desc>>----
         #----<<xccbld>>----
         #Ctrlp:input.c.xccbld
         ON ACTION controlp INFIELD xccbld
            #add-point:ON ACTION controlp INFIELD xccbld
            {<point name="input.c.xccbld" />}
            #END add-point
 
         #----<<xccbld_desc>>----
         #----<<format>>----
         #Ctrlp:input.c.format
         ON ACTION controlp INFIELD format
            #add-point:ON ACTION controlp INFIELD format
            {<point name="input.c.format" />}
            #END add-point
 
         #----<<mold>>----
         #Ctrlp:input.c.mold
         ON ACTION controlp INFIELD mold
            #add-point:ON ACTION controlp INFIELD mold
            {<point name="input.c.mold" />}
            #END add-point
 
         #----<<way>>----
         #Ctrlp:input.c.way
         ON ACTION controlp INFIELD way
            #add-point:ON ACTION controlp INFIELD way
            {<point name="input.c.way" />}
            #END add-point
 
 #欄位開窗
 
         AFTER INPUT
            #add-point:單頭輸入後處理
            {<point name="input.after_input"/>}
            #end add-point
            
      END INPUT
    
      #add-point:自定義input
      {<point name="input.more_input"/>}
      #end add-point
    
      #公用action
      ON ACTION accept
         ACCEPT DIALOG
        
      ON ACTION cancel
         LET INT_FLAG = TRUE 
         EXIT DIALOG
 
      ON ACTION close
         LET INT_FLAG = TRUE 
         EXIT DIALOG
 
      ON ACTION exit
         LET INT_FLAG = TRUE 
         EXIT DIALOG
   
      #交談指令共用ACTION
      &include "common_action.4gl" 
         CONTINUE DIALOG 
   END DIALOG
 
   #add-point:畫面關閉前
   {<point name="input.before_close"/>}
   #end add-point
   
   #畫面關閉
   CLOSE WINDOW w_axct301_01 
   
   #add-point:input段after input 
   {<point name="input.post_input"/>}
   #end add-point    
   
END FUNCTION
]]>
</section>
  <section id="axct301_01.other_dialog" ver="1" status="" src="s">
<![CDATA[{<point name="other.dialog"/>}
]]>
</section>
  <section id="axct301_01.other_function" ver="1" status="" src="s">
<![CDATA[{<point name="other.function"/>}
]]>
</section>
</add_points>