<add_points prog="aooi359" std_prog="aooi359" erpver="1.0" module="AOO" ver="1" env="s" zone="t10dev" normal_style="Y" booking="Y">
  <point name="input.a.oofecrtid" cite_std="N" status="d" ver="1" src="s" new="N" order="" cite_ver="" mark_hard="N">
<![CDATA[
            INITIALIZE g_ref_fields TO NULL
            LET g_ref_fields[1] = g_oofe_m.oofecrtid
            CALL ap_ref_array2(g_ref_fields,"SELECT oofa011 FROM oofa_t WHERE oofaent='"||g_enterprise||"' AND oofa002='2' AND oofa003=? ","") RETURNING g_rtn_fields
            LET g_oofe_m.oofecrtid_desc = g_rtn_fields[1]
            DISPLAY BY NAME g_oofe_m.oofecrtid_desc
]]>
</point>
  <point name="input.a.oofedept" cite_std="N" status="d" ver="1" src="s" new="N" order="" cite_ver="" mark_hard="N">
<![CDATA[
]]>
</point>
  <point name="input.a.oofecrtdp" cite_std="N" status="d" ver="1" src="s" new="N" order="" cite_ver="" mark_hard="N">
<![CDATA[
            INITIALIZE g_ref_fields TO NULL
            LET g_ref_fields[1] = g_oofe_m.oofecrtdp
            CALL ap_ref_array2(g_ref_fields,"SELECT ooeal003 FROM ooeal_t WHERE ooealent='"||g_enterprise||"' AND ooeal001=? AND ooeal002='"||g_dlang||"'","") RETURNING g_rtn_fields
            LET g_oofe_m.oofecrtdp_desc = g_rtn_fields[1]
            DISPLAY BY NAME g_oofe_m.oofecrtdp_desc
]]>
</point>
  <point name="input.a.oofeorid" cite_std="N" status="d" ver="1" src="s" new="N" order="" cite_ver="" mark_hard="N">
<![CDATA[
]]>
</point>
  <point name="input.a.oofemodid" cite_std="N" status="d" ver="1" src="s" new="N" order="" cite_ver="" mark_hard="N">
<![CDATA[
            INITIALIZE g_ref_fields TO NULL
            LET g_ref_fields[1] = g_oofe_m.oofemodid
            CALL ap_ref_array2(g_ref_fields,"SELECT oofa011 FROM oofa_t WHERE oofaent='"||g_enterprise||"' AND oofa002='2' AND oofa003=? ","") RETURNING g_rtn_fields
            LET g_oofe_m.oofemodid_desc = g_rtn_fields[1]
            DISPLAY BY NAME g_oofe_m.oofemodid_desc
]]>
</point>
  <point name="input.a.oofeowndp" cite_std="N" status="d" ver="1" src="s" new="N" order="" cite_ver="" mark_hard="N">
<![CDATA[
            INITIALIZE g_ref_fields TO NULL
            LET g_ref_fields[1] = g_oofe_m.oofeowndp
            CALL ap_ref_array2(g_ref_fields,"SELECT ooeal003 FROM ooeal_t WHERE ooealent='"||g_enterprise||"' AND ooeal001=? AND ooeal002='"||g_dlang||"'","") RETURNING g_rtn_fields
            LET g_oofe_m.oofeowndp_desc = g_rtn_fields[1]
            DISPLAY BY NAME g_oofe_m.oofeowndp_desc
]]>
</point>
  <point name="input.a.oofeoriu" cite_std="N" status="d" ver="1" src="s" new="N" order="" cite_ver="" mark_hard="N">
<![CDATA[
]]>
</point>
  <point name="input.a.oofemodu" cite_std="N" status="d" ver="1" src="s" new="N" order="" cite_ver="" mark_hard="N">
<![CDATA[
]]>
</point>
  <point name="input.a.oofeownid" cite_std="N" status="d" ver="1" src="s" new="N" order="" cite_ver="" mark_hard="N">
<![CDATA[
            INITIALIZE g_ref_fields TO NULL
            LET g_ref_fields[1] = g_oofe_m.oofeownid
            CALL ap_ref_array2(g_ref_fields,"SELECT oofa011 FROM oofa_t WHERE oofaent='"||g_enterprise||"' AND oofa002='2' AND oofa003=? ","") RETURNING g_rtn_fields
            LET g_oofe_m.oofeownid_desc = g_rtn_fields[1]
            DISPLAY BY NAME g_oofe_m.oofeownid_desc
]]>
</point>
  <point name="input.a.oofeuser" cite_std="N" status="d" ver="1" src="s" new="N" order="" cite_ver="" mark_hard="N">
<![CDATA[
]]>
</point>
  <point name="function.aooi359_key_chk_1" cite_std="N" status="u" ver="1" src="s" new="Y" order="1" cite_ver="" mark_hard="N">
<![CDATA[# 複製時候檢查key值重複性
PRIVATE FUNCTION aooi359_key_chk_1(p_oofe001,p_oofe002,p_oofe003,p_oofe004,p_oofe005,p_oofe006)
DEFINE p_oofe001 LIKE oofe_t.oofe001
   DEFINE p_oofe002 LIKE oofe_t.oofe002
   DEFINE p_oofe003 LIKE oofe_t.oofe003
   DEFINE p_oofe004 LIKE oofe_t.oofe004
   DEFINE p_oofe005 LIKE oofe_t.oofe005
   DEFINE p_oofe006 LIKE oofe_t.oofe006
   
   IF NOT cl_null(p_oofe001) AND NOT cl_null(p_oofe002) AND NOT cl_null(p_oofe003) AND NOT cl_null(p_oofe004)
      AND NOT cl_null(p_oofe005) AND NOT cl_null(p_oofe006) THEN 
      IF NOT ap_chk_notDup(p_oofe001||"~"||p_oofe002,"SELECT COUNT(*) FROM oofe_t WHERE "||"oofeent = '" ||g_enterprise|| "' AND "||"oofe001 = '"
                     ||p_oofe001 ||"' AND "|| "oofe002 = '"||p_oofe002 ||"' AND "|| "oofe003 = '"||p_oofe003 ||"' AND "
		     || "oofe004 = '"||p_oofe004 ||"' AND "|| "oofe005 = '"||p_oofe005 ||"' AND "|| "oofe006 = '"
		     ||p_oofe006 ||"'",'std-00004',0) THEN 
        RETURN FALSE
      END IF
   END IF 
   RETURN TRUE
END FUNCTION]]>
</point>
  <point name="function.aooi359_key_chk" cite_std="N" status="u" ver="1" src="s" new="Y" order="2" cite_ver="" mark_hard="N">
<![CDATA[# 檢查key值是否重複
PRIVATE FUNCTION aooi359_key_chk(p_cmd)
DEFINE p_cmd LIKE type_t.chr1
   IF NOT cl_null(g_oofe_m.oofe001) AND NOT cl_null(g_oofe_m.oofe002) AND NOT cl_null(g_oofe_m.oofe003) AND NOT cl_null(g_oofe_m.oofe004) AND NOT cl_null(g_oofe_m.oofe005) AND NOT cl_null(g_oofe_m.oofe006) THEN 
      IF p_cmd = 'a' OR ( p_cmd = 'u' AND ( p_cmd = 'u' AND (g_oofe_m.oofe001 != g_oofe001_t  OR g_oofe_m.oofe002 != g_oofe002_t  OR g_oofe_m.oofe003 != g_oofe003_t  OR g_oofe_m.oofe004 != g_oofe004_t  OR g_oofe_m.oofe005 != g_oofe005_t  OR g_oofe_m.oofe006 != g_oofe006_t ))) THEN 
         IF NOT ap_chk_notDup(g_oofe_m.oofe002||"~"||g_oofe_m.oofe003,"SELECT COUNT(*) FROM oofe_t WHERE "||"oofeent = '" ||g_enterprise|| "' AND "||"oofe001 = '"||g_oofe_m.oofe001 ||"' AND "|| "oofe002 = '"||g_oofe_m.oofe002 ||"' AND "|| "oofe003 = '"||g_oofe_m.oofe003 ||"' AND "|| "oofe004 = '"||g_oofe_m.oofe004 ||"' AND "|| "oofe005 = '"||g_oofe_m.oofe005 ||"' AND "|| "oofe006 = '"||g_oofe_m.oofe006 ||"'",'std-00004',0) THEN 
            RETURN FALSE
         END IF
      END IF
   END IF
   RETURN TRUE
END FUNCTION]]>
</point>
  <point name="function.aooi359_oofe002_chk" cite_std="N" status="u" ver="1" src="s" new="Y" order="3" cite_ver="" mark_hard="N">
<![CDATA[# 檢查key值是否重複
PRIVATE FUNCTION aooi359_oofe002_chk(p_cmd)
DEFINE l_result LIKE type_t.chr1
   DEFINE p_cmd LIKE type_t.chr1
   CALL aooi359_key_chk(p_cmd) RETURNING l_result
   IF l_result=FALSE THEN
      RETURN FALSE
   ELSE 
      IF NOT ap_chk_isExist(g_oofe_m.oofe002,"SELECT COUNT(*) FROM ooag_t WHERE ooagent = '"
      ||g_enterprise||"' AND ooag001 = ? ","aoo-00074",0 ) THEN
         RETURN FALSE
      END IF 
      IF NOT ap_chk_isExist(g_oofe_m.oofe002,"SELECT COUNT(*) FROM ooag_t WHERE ooagent = '"
      ||g_enterprise||"' AND ooag001 = ? AND ooagstus = 'Y' ","aoo-00071",0 ) THEN
         RETURN FALSE
      END IF 
      IF NOT cl_null(g_oofe_m.oofe003) THEN 
         IF NOT ap_chk_notDup(g_oofe_m.oofe003,"SELECT COUNT(*) FROM oofe_t WHERE oofeent = '"
         ||g_enterprise||"' AND oofe003 = '"||g_oofe_m.oofe003||"' AND oofe002 = '"||g_oofe_m.oofe002||"' ","aoo-00072",0 ) THEN
            RETURN FALSE
         END IF 
      END IF 
   END IF 
   RETURN TRUE
END FUNCTION]]>
</point>
  <point name="function.aooi359_oofe003_chk" cite_std="N" status="u" ver="1" src="s" new="Y" order="4" cite_ver="" mark_hard="N">
<![CDATA[# 檢查key值是否重複
PRIVATE FUNCTION aooi359_oofe003_chk(p_cmd)
DEFINE l_result LIKE type_t.chr1
   DEFINE p_cmd LIKE type_t.chr1
   
   IF cl_null(g_oofe_m.oofe003) THEN RETURN '0' END IF 
   CALL aooi359_key_chk(p_cmd) RETURNING l_result
   IF l_result=FALSE THEN
      RETURN FALSE
   ELSE 
      IF NOT ap_chk_notDup(g_oofe_m.oofe002||"~"||g_oofe_m.oofe003,"SELECT COUNT(*) FROM oofe_t WHERE oofeent = '"
      ||g_enterprise||"' AND oofe003 = '"||g_oofe_m.oofe003||"' AND oofe002 = '"||g_oofe_m.oofe002||"' ","aoo-00072",0 ) THEN
         RETURN FALSE
      END IF 
      IF g_oofe_m.oofe003 <= 0 THEN
         CALL cl_err(g_oofe_m.oofe003 ,'aoo-00006',0)
         RETURN FALSE
      END IF 
   END IF 
   RETURN TRUE
END FUNCTION]]>
</point>
  <point name="function.aooi359_oofe002_chk_1" cite_std="N" status="u" ver="1" src="s" new="Y" order="5" cite_ver="" mark_hard="N">
<![CDATA[# 檢查oofe002
#
PRIVATE FUNCTION aooi359_oofe002_chk_1(p_oofe001,p_oofe002,p_oofe003,p_oofe004,p_oofe005,p_oofe006)
DEFINE p_oofe001 LIKE oofe_t.oofe001
   DEFINE p_oofe002 LIKE oofe_t.oofe002
   DEFINE p_oofe003 LIKE oofe_t.oofe003
   DEFINE p_oofe004 LIKE oofe_t.oofe004
   DEFINE p_oofe005 LIKE oofe_t.oofe005
   DEFINE p_oofe006 LIKE oofe_t.oofe006
   DEFINE l_result  LIKE type_t.chr1
   
   CALL aooi359_key_chk_1(p_oofe001,p_oofe002,p_oofe003,p_oofe004,p_oofe005,p_oofe006) RETURNING l_result
   IF l_result=1 THEN
      RETURN FALSE
   ELSE 
      IF NOT ap_chk_isExist(p_oofe002,"SELECT COUNT(*) FROM ooag_t WHERE ooagent = '"
      ||g_enterprise||"' AND ooag001 = ? ","aoo-00074",0 ) THEN
         RETURN FALSE
      END IF 
      IF NOT ap_chk_isExist(p_oofe002,"SELECT COUNT(*) FROM ooag_t WHERE ooagent = '"
      ||g_enterprise||"' AND ooag001 = ? AND ooagstus = 'Y' ","aoo-00071",0 ) THEN
         RETURN FALSE
      END IF 
      IF NOT cl_null(p_oofe003) THEN 
         IF NOT ap_chk_notDup(p_oofe003,"SELECT COUNT(*) FROM oofe_t WHERE oofeent = '"
         ||g_enterprise||"' AND oofe003 = '"||g_oofe_m.oofe003||"' AND oofe002 = '"||g_oofe_m.oofe002||"' ","aoo-00072",0 ) THEN
            RETURN FALSE
         END IF 
      END IF 
   END IF 
   RETURN TRUE
END FUNCTION]]>
</point>
  <point name="function.aooi359_oofe003_chk_1" cite_std="N" status="u" ver="1" src="s" new="Y" order="6" cite_ver="" mark_hard="N">
<![CDATA[# 檢查oofe003
PRIVATE FUNCTION aooi359_oofe003_chk_1(p_oofe001,p_oofe002,p_oofe003,p_oofe004,p_oofe005,p_oofe006)
DEFINE p_oofe001 LIKE oofe_t.oofe001
   DEFINE p_oofe002 LIKE oofe_t.oofe002
   DEFINE p_oofe003 LIKE oofe_t.oofe003
   DEFINE p_oofe004 LIKE oofe_t.oofe004
   DEFINE p_oofe005 LIKE oofe_t.oofe005
   DEFINE p_oofe006 LIKE oofe_t.oofe006
   DEFINE l_result  LIKE type_t.chr1
   IF cl_null(p_oofe003) THEN RETURN '0' END IF 
   CALL aooi359_key_chk_1(p_oofe001,p_oofe002,p_oofe003,p_oofe004,p_oofe005,p_oofe006) RETURNING l_result
   IF l_result=FALSE THEN
      RETURN FALSE
   ELSE 
      IF NOT ap_chk_notDup(p_oofe002||"~"||p_oofe003,"SELECT COUNT(*) FROM oofe_t WHERE oofeent = '"
      ||g_enterprise||"' AND oofe003 = '"||p_oofe003||"' AND oofe002 = '"||p_oofe002||"' ","aoo-00072",0 ) THEN
         RETURN FALSE
      END IF 
      IF p_oofe003 <= 0 THEN
         CALL cl_err(p_oofe003 ,'aoo-00006',0)
         RETURN FALSE
      END IF 
   END IF 
   RETURN TRUE
END FUNCTION]]>
</point>
  <point name="input.a.oofe008" cite_std="N" status="" ver="" src="" new="Y" order="">
<![CDATA[]]>
</point>
  <point name="input.g.oofe008" cite_std="N" status="" ver="" src="" new="Y" order="">
<![CDATA[]]>
</point>
  <point name="input.b.oofe008" cite_std="N" status="" ver="" src="" new="Y" order="">
<![CDATA[]]>
</point>
  <point name="input.g.oofe001" cite_std="N" status="" ver="" src="" new="Y" order="">
<![CDATA[]]>
</point>
  <point name="input.before_input" cite_std="N" status="" ver="" src="" new="Y" order="">
<![CDATA[]]>
</point>
  <point name="input.after_set_entry" cite_std="N" status="" ver="" src="" new="Y" order="">
<![CDATA[]]>
</point>
  <point name="input.define" cite_std="N" status="" ver="" src="" new="Y" order="">
<![CDATA[]]>
</point>
  <point name="input.b.oofe001" cite_std="N" status="" ver="" src="" new="Y" order="">
<![CDATA[]]>
</point>
  <point name="input.b.oofe002" cite_std="N" status="" ver="" src="" new="Y" order="">
<![CDATA[]]>
</point>
  <point name="input.a.oofe007" cite_std="N" status="" ver="" src="" new="Y" order="">
<![CDATA[]]>
</point>
  <point name="input.b.oofe007" cite_std="N" status="" ver="" src="" new="Y" order="">
<![CDATA[]]>
</point>
  <point name="input.g.oofe006" cite_std="N" status="" ver="" src="" new="Y" order="">
<![CDATA[]]>
</point>
  <point name="input.g.oofe007" cite_std="N" status="" ver="" src="" new="Y" order="">
<![CDATA[]]>
</point>
  <point name="input.g.oofestus" cite_std="N" status="" ver="" src="" new="Y" order="">
<![CDATA[]]>
</point>
  <point name="input.a.oofestus" cite_std="N" status="" ver="" src="" new="Y" order="">
<![CDATA[]]>
</point>
  <point name="input.b.oofestus" cite_std="N" status="" ver="" src="" new="Y" order="">
<![CDATA[]]>
</point>
  <point name="input.b.oofe004" cite_std="N" status="" ver="" src="" new="Y" order="">
<![CDATA[]]>
</point>
  <point name="input.g.oofe003" cite_std="N" status="" ver="" src="" new="Y" order="">
<![CDATA[]]>
</point>
  <point name="input.g.oofe002" cite_std="N" status="" ver="" src="" new="Y" order="">
<![CDATA[]]>
</point>
  <point name="input.g.oofe004" cite_std="N" status="" ver="" src="" new="Y" order="">
<![CDATA[]]>
</point>
  <point name="input.b.oofe006" cite_std="N" status="" ver="" src="" new="Y" order="">
<![CDATA[]]>
</point>
  <point name="input.g.oofe005" cite_std="N" status="" ver="" src="" new="Y" order="">
<![CDATA[]]>
</point>
  <point name="input.b.oofe005" cite_std="N" status="" ver="" src="" new="Y" order="">
<![CDATA[]]>
</point>
  <point name="construct.a.oofemodid" cite_std="N" status="" ver="" src="" new="Y" order="">
<![CDATA[]]>
</point>
  <point name="construct.b.oofemodid" cite_std="N" status="" ver="" src="" new="Y" order="">
<![CDATA[]]>
</point>
  <point name="construct.a.oofecrtdp" cite_std="N" status="" ver="" src="" new="Y" order="">
<![CDATA[]]>
</point>
  <point name="cs.after_construct" cite_std="N" status="" ver="" src="" new="Y" order="">
<![CDATA[]]>
</point>
  <point name="cs.more_construct" cite_std="N" status="" ver="" src="" new="Y" order="">
<![CDATA[]]>
</point>
  <point name="construct.b.oofemoddt" cite_std="N" status="" ver="" src="" new="Y" order="">
<![CDATA[]]>
</point>
  <point name="construct.b.oofecrtid" cite_std="N" status="" ver="" src="" new="Y" order="">
<![CDATA[]]>
</point>
  <point name="construct.a.oofeowndp" cite_std="N" status="" ver="" src="" new="Y" order="">
<![CDATA[]]>
</point>
  <point name="construct.b.oofeowndp" cite_std="N" status="" ver="" src="" new="Y" order="">
<![CDATA[]]>
</point>
  <point name="construct.b.oofecrtdp" cite_std="N" status="" ver="" src="" new="Y" order="">
<![CDATA[]]>
</point>
  <point name="construct.b.oofecrtdt" cite_std="N" status="" ver="" src="" new="Y" order="">
<![CDATA[]]>
</point>
  <point name="construct.a.oofecrtid" cite_std="N" status="" ver="" src="" new="Y" order="">
<![CDATA[]]>
</point>
  <point name="insert.after_insert" cite_std="N" status="" ver="" src="" new="Y" order="">
<![CDATA[]]>
</point>
  <point name="insert.define" cite_std="N" status="" ver="" src="" new="Y" order="">
<![CDATA[]]>
</point>
  <point name="fetch.action_control" cite_std="N" status="" ver="" src="" new="Y" order="">
<![CDATA[]]>
</point>
  <point name="modify.after_input" cite_std="N" status="" ver="" src="" new="Y" order="">
<![CDATA[]]>
</point>
  <point name="modify.before_input" cite_std="N" status="" ver="" src="" new="Y" order="">
<![CDATA[]]>
</point>
  <point name="modify.define" cite_std="N" status="" ver="" src="" new="Y" order="">
<![CDATA[]]>
</point>
  <point name="filter.b_dialog" cite_std="N" status="" ver="" src="" new="Y" order="">
<![CDATA[]]>
</point>
  <point name="filter.add_cs" cite_std="N" status="" ver="" src="" new="Y" order="">
<![CDATA[]]>
</point>
  <point name="filter.define" cite_std="N" status="" ver="" src="" new="Y" order="">
<![CDATA[]]>
</point>
  <point name="fetch.define" cite_std="N" status="" ver="" src="" new="Y" order="">
<![CDATA[]]>
</point>
  <point name="query.define" cite_std="N" status="" ver="" src="" new="Y" order="">
<![CDATA[]]>
</point>
  <point name="filter_parser.define" cite_std="N" status="" ver="" src="" new="Y" order="">
<![CDATA[]]>
</point>
  <point name="set_entry.after_control" cite_std="N" status="" ver="" src="" new="Y" order="">
<![CDATA[]]>
</point>
  <point name="set_entry.field_control" cite_std="N" status="" ver="" src="" new="Y" order="">
<![CDATA[]]>
</point>
  <point name="set_no_entry.define" cite_std="N" status="" ver="" src="" new="Y" order="">
<![CDATA[]]>
</point>
  <point name="set_no_entry.after_control" cite_std="N" status="" ver="" src="" new="Y" order="">
<![CDATA[]]>
</point>
  <point name="set_no_entry.field_control" cite_std="N" status="" ver="" src="" new="Y" order="">
<![CDATA[]]>
</point>
  <point name="set_entry.define" cite_std="N" status="" ver="" src="" new="Y" order="">
<![CDATA[]]>
</point>
  <point name="delete.head.b_delete" cite_std="N" status="" ver="" src="" new="Y" order="">
<![CDATA[]]>
</point>
  <point name="delete.define" cite_std="N" status="" ver="" src="" new="Y" order="">
<![CDATA[]]>
</point>
  <point name="delete.head.m_delete" cite_std="N" status="" ver="" src="" new="Y" order="">
<![CDATA[]]>
</point>
  <point name="ui_browser_refresh.define" cite_std="N" status="" ver="" src="" new="Y" order="">
<![CDATA[]]>
</point>
  <point name="delete.head.a_delete" cite_std="N" status="" ver="" src="" new="Y" order="">
<![CDATA[]]>
</point>
  <point name="default_search.define" cite_std="N" status="" ver="" src="" new="Y" order="">
<![CDATA[]]>
</point>
  <point name="statechange.more_control" cite_std="N" status="" ver="" src="" new="Y" order="">
<![CDATA[]]>
</point>
  <point name="statechange.active" cite_std="N" status="" ver="" src="" new="Y" order="">
<![CDATA[]]>
</point>
  <point name="statechange.b_update" cite_std="N" status="" ver="" src="" new="Y" order="">
<![CDATA[]]>
</point>
  <point name="statechange.after" cite_std="N" status="" ver="" src="" new="Y" order="">
<![CDATA[]]>
</point>
  <point name="statechange.a_update" cite_std="N" status="" ver="" src="" new="Y" order="">
<![CDATA[]]>
</point>
  <point name="statechange.inactive" cite_std="N" status="" ver="" src="" new="Y" order="">
<![CDATA[]]>
</point>
  <point name="default_search.after" cite_std="N" status="" ver="" src="" new="Y" order="">
<![CDATA[]]>
</point>
  <point name="default_search.before" cite_std="N" status="" ver="" src="" new="Y" order="">
<![CDATA[]]>
</point>
  <point name="statechange.define" cite_std="N" status="" ver="" src="" new="Y" order="">
<![CDATA[]]>
</point>
  <point name="statechange.before_menu" cite_std="N" status="" ver="" src="" new="Y" order="">
<![CDATA[]]>
</point>
  <point name="statechange.before" cite_std="N" status="" ver="" src="" new="Y" order="">
<![CDATA[]]>
</point>
  <point name="show.after" cite_std="N" status="" ver="" src="" new="Y" order="">
<![CDATA[]]>
</point>
  <point name="input.c.oofe007" cite_std="N" status="" ver="" src="" new="Y" order="">
<![CDATA[]]>
</point>
  <point name="input.c.oofe006" cite_std="N" status="" ver="" src="" new="Y" order="">
<![CDATA[]]>
</point>
  <point name="input.c.oofestus" cite_std="N" status="" ver="" src="" new="Y" order="">
<![CDATA[]]>
</point>
  <point name="input.head.a_insert" cite_std="N" status="" ver="" src="" new="Y" order="">
<![CDATA[]]>
</point>
  <point name="input.head.m_insert" cite_std="N" status="" ver="" src="" new="Y" order="">
<![CDATA[]]>
</point>
  <point name="input.c.oofe005" cite_std="N" status="" ver="" src="" new="Y" order="">
<![CDATA[]]>
</point>
  <point name="input.c.oofe008" cite_std="N" status="" ver="" src="" new="Y" order="">
<![CDATA[]]>
</point>
  <point name="input.c.oofe001" cite_std="N" status="" ver="" src="" new="Y" order="">
<![CDATA[]]>
</point>
  <point name="input.c.oofe002" cite_std="N" status="" ver="" src="" new="Y" order="">
<![CDATA[]]>
</point>
  <point name="input.c.oofe004" cite_std="N" status="" ver="" src="" new="Y" order="">
<![CDATA[]]>
</point>
  <point name="input.c.oofe003" cite_std="N" status="" ver="" src="" new="Y" order="">
<![CDATA[]]>
</point>
  <point name="input.head.b_update" cite_std="N" status="" ver="" src="" new="Y" order="">
<![CDATA[]]>
</point>
  <point name="reproduce.head.a_insert" cite_std="N" status="" ver="" src="" new="Y" order="">
<![CDATA[]]>
</point>
  <point name="reproduce.head.m_insert" cite_std="N" status="" ver="" src="" new="Y" order="">
<![CDATA[]]>
</point>
  <point name="reproduce.after_reproduce" cite_std="N" status="" ver="" src="" new="Y" order="">
<![CDATA[]]>
</point>
  <point name="show.before" cite_std="N" status="" ver="" src="" new="Y" order="">
<![CDATA[]]>
</point>
  <point name="show.define" cite_std="N" status="" ver="" src="" new="Y" order="">
<![CDATA[]]>
</point>
  <point name="reproduce.more_input" cite_std="N" status="" ver="" src="" new="Y" order="">
<![CDATA[]]>
</point>
  <point name="input.head.a_update" cite_std="N" status="" ver="" src="" new="Y" order="">
<![CDATA[]]>
</point>
  <point name="input.head.m_update" cite_std="N" status="" ver="" src="" new="Y" order="">
<![CDATA[]]>
</point>
  <point name="input.after_input" cite_std="N" status="" ver="" src="" new="Y" order="">
<![CDATA[]]>
</point>
  <point name="reproduce.action" cite_std="N" status="" ver="" src="" new="Y" order="">
<![CDATA[]]>
</point>
  <point name="reproduce.define" cite_std="N" status="" ver="" src="" new="Y" order="">
<![CDATA[]]>
</point>
  <point name="input.a.oofe002" cite_std="N" status="u" ver="1" src="s" new="N" order="" cite_ver="" mark_hard="N">
<![CDATA[            #此段落由子樣板a05產生
            IF NOT aooi359_oofe002_chk(p_cmd) THEN
               IF p_cmd = 'a' THEN
                  LET g_oofe_m.oofe002 = ''
               ELSE
                  LET g_oofe_m.oofe002 = g_oofe_m_t.oofe002
               END IF 
               NEXT FIELD oofe002
            END IF 


]]>
</point>
  <point name="input.a.oofe001" cite_std="N" status="u" ver="1" src="s" new="N" order="" cite_ver="" mark_hard="N">
<![CDATA[            #此段落由子樣板a05產生
            IF NOT aooi359_key_chk(p_cmd) THEN
               IF p_cmd = 'a' THEN
                  LET g_oofe_m.oofe001 = ''
               ELSE
                  LET g_oofe_m.oofe001 = g_oofe_m_t.oofe001
               END IF 
               NEXT FIELD oofe001
            END IF 


]]>
</point>
  <point name="input.a.oofe004" cite_std="N" status="u" ver="1" src="s" new="N" order="" cite_ver="" mark_hard="N">
<![CDATA[            #此段落由子樣板a05產生
            IF NOT aooi359_key_chk(p_cmd) THEN
               IF p_cmd = 'a' THEN
                  LET g_oofe_m.oofe004 = ''
               ELSE
                  LET g_oofe_m.oofe004 = g_oofe_m_t.oofe004
               END IF 
               NEXT FIELD oofe004
            END IF 


]]>
</point>
  <point name="global.memo" cite_std="N" status="" ver="" src="" new="Y" order="">
<![CDATA[]]>
</point>
  <point name="input.a.oofe003" cite_std="N" status="u" ver="1" src="s" new="N" order="" cite_ver="" mark_hard="N">
<![CDATA[            #此段落由子樣板a05產生
            IF NOT aooi359_oofe003_chk(p_cmd) THEN
               IF p_cmd = 'a' THEN
                  LET g_oofe_m.oofe003 = ''
               ELSE
                  LET g_oofe_m.oofe003 = g_oofe_m_t.oofe003
               END IF 
               NEXT FIELD oofe003
            END IF 


]]>
</point>
  <point name="input.a.oofe006" cite_std="N" status="u" ver="1" src="s" new="N" order="" cite_ver="" mark_hard="N">
<![CDATA[            #此段落由子樣板a05產生
            IF NOT aooi359_key_chk(p_cmd) THEN
               IF p_cmd = 'a' THEN
                  LET g_oofe_m.oofe006 = ''
               ELSE
                  LET g_oofe_m.oofe006 = g_oofe_m_t.oofe006
               END IF 
               NEXT FIELD oofe006
            END IF 


]]>
</point>
  <point name="construct.c.oofeowndp" cite_std="N" status="u" ver="1" src="s" new="N" order="" cite_ver="" mark_hard="N">
<![CDATA[            #此段落由子樣板a08產生
            #開窗c段
            LET g_qryparam.reqry = FALSE
            CALL q_ooea001_1()                           #呼叫開窗
            DISPLAY g_qryparam.return1 TO oofeowndp  #顯示到畫面上

            NEXT FIELD oofeowndp                     #返回原欄位

]]>
</point>
  <point name="input.a.oofe005" cite_std="N" status="u" ver="1" src="s" new="N" order="" cite_ver="" mark_hard="N">
<![CDATA[            #此段落由子樣板a05產生
            IF NOT aooi359_key_chk(p_cmd) THEN
               IF p_cmd = 'a' THEN
                  LET g_oofe_m.oofe005 = ''
               ELSE
                  LET g_oofe_m.oofe005 = g_oofe_m_t.oofe005
               END IF 
               NEXT FIELD oofe005
            END IF 


]]>
</point>
  <point name="global.import" cite_std="N" status="" ver="" src="" new="Y" order="">
<![CDATA[]]>
</point>
  <point name="init.define" cite_std="N" status="" ver="" src="" new="Y" order="">
<![CDATA[]]>
</point>
  <point name="main.exit" cite_std="N" status="" ver="" src="" new="Y" order="">
<![CDATA[]]>
</point>
  <point name="init.init" cite_std="N" status="" ver="" src="" new="Y" order="">
<![CDATA[]]>
</point>
  <point name="menu2.delete" cite_std="N" status="" ver="" src="" new="Y" order="">
<![CDATA[]]>
</point>
  <point name="ui_dialog.define" cite_std="N" status="" ver="" src="" new="Y" order="">
<![CDATA[]]>
</point>
  <point name="construct.c.oofeownid" cite_std="N" status="u" ver="1" src="s" new="N" order="" cite_ver="" mark_hard="N">
<![CDATA[            #此段落由子樣板a08產生
            #開窗c段
            LET g_qryparam.reqry = FALSE
            CALL q_ooag001()                           #呼叫開窗
            DISPLAY g_qryparam.return1 TO oofeownid  #顯示到畫面上

            NEXT FIELD oofeownid                     #返回原欄位

]]>
</point>
  <point name="main.define" cite_std="N" status="" ver="" src="" new="Y" order="">
<![CDATA[]]>
</point>
  <point name="reproduce.before_input" cite_std="N" status="u" ver="1" src="s" new="N" order="" cite_ver="" mark_hard="N">
<![CDATA[         LET l_newno04 = ' '
         LET l_newno05 = ' '
         LET l_newno06 = ' ' ]]>
</point>
  <point name="main.define_sql" cite_std="N" status="" ver="" src="" new="Y" order="">
<![CDATA[]]>
</point>
  <point name="main.after_define_sql" cite_std="N" status="" ver="" src="" new="Y" order="">
<![CDATA[]]>
</point>
  <point name="main.servicecall" cite_std="N" status="" ver="" src="" new="Y" order="">
<![CDATA[]]>
</point>
  <point name="insert.default" cite_std="N" status="u" ver="1" src="s" new="N" order="" cite_ver="" mark_hard="N">
<![CDATA[      LET g_oofe_m.oofe004 = ' '
      LET g_oofe_m.oofe005 = ' '
      LET g_oofe_m.oofe006 = ' ' 
      LET g_oofe_m.oofestus = "Y"]]>
</point>
  <point name="input.b.oofe003" cite_std="N" status="u" ver="1" src="s" new="N" order="" cite_ver="" mark_hard="N">
<![CDATA[            IF cl_null(g_oofe_m.oofe002) THEN
               CALL cl_err('','aoo-00073',1)
               NEXT FIELD oofe002
            END IF]]>
</point>
  <point name="input.head.b_insert" cite_std="N" status="u" ver="1" src="s" new="N" order="" cite_ver="" mark_hard="N">
<![CDATA[                  IF cl_null(g_oofe_m.oofe004) THEN LET g_oofe_m.oofe004 = ' ' END IF 
                  IF cl_null(g_oofe_m.oofe005) THEN LET g_oofe_m.oofe005 = ' ' END IF 
                  IF cl_null(g_oofe_m.oofe006) THEN LET g_oofe_m.oofe006 = ' ' END IF ]]>
</point>
  <point name="main.init" cite_std="N" status="" ver="" src="" new="Y" order="">
<![CDATA[]]>
</point>
  <point name="global.variable" cite_std="N" status="" ver="" src="" new="Y" order="">
<![CDATA[]]>
</point>
  <point name="reproduce.a.oofe006" cite_std="N" status="u" ver="1" src="s" new="N" order="" cite_ver="" mark_hard="N">
<![CDATA[         IF NOT aooi359_key_chk_1(l_newno,l_newno02,l_newno03,l_newno04,l_newno05,l_newno06) THEN
            LET l_newno06 = ''
            NEXT FIELD oofe006
         END IF
]]>
</point>
  <point name="reproduce.a.oofe004" cite_std="N" status="u" ver="1" src="s" new="N" order="" cite_ver="" mark_hard="N">
<![CDATA[         IF NOT aooi359_key_chk_1(l_newno,l_newno02,l_newno03,l_newno04,l_newno05,l_newno06) THEN
            LET l_newno04 = ''
            NEXT FIELD oofe004
         END IF
]]>
</point>
  <point name="reproduce.a.oofe002" cite_std="N" status="u" ver="1" src="s" new="N" order="" cite_ver="" mark_hard="N">
<![CDATA[         IF NOT aooi359_oofe002_chk_1(l_newno,l_newno02,l_newno03,l_newno04,l_newno05,l_newno06) THEN
            LET l_newno02 = ''
            NEXT FIELD oofe002
         END IF]]>
</point>
  <point name="reproduce.a.oofe005" cite_std="N" status="u" ver="1" src="s" new="N" order="" cite_ver="" mark_hard="N">
<![CDATA[         IF NOT aooi359_key_chk_1(l_newno,l_newno02,l_newno03,l_newno04,l_newno05,l_newno06) THEN
            LET l_newno05 = ''
            NEXT FIELD oofe005
         END IF
]]>
</point>
  <point name="construct.c.oofecrtid" cite_std="N" status="u" ver="1" src="s" new="N" order="" cite_ver="" mark_hard="N">
<![CDATA[            #此段落由子樣板a08產生
            #開窗c段
            LET g_qryparam.reqry = FALSE
            CALL q_ooag001()                           #呼叫開窗
            DISPLAY g_qryparam.return1 TO oofecrtid  #顯示到畫面上

            NEXT FIELD oofecrtid                     #返回原欄位

]]>
</point>
  <point name="construct.c.oofemodid" cite_std="N" status="u" ver="1" src="s" new="N" order="" cite_ver="" mark_hard="N">
<![CDATA[            #此段落由子樣板a08產生
            #開窗c段
            LET g_qryparam.reqry = FALSE
            CALL q_ooag001()                           #呼叫開窗
            DISPLAY g_qryparam.return1 TO oofemodid  #顯示到畫面上

            NEXT FIELD oofemodid                     #返回原欄位

]]>
</point>
  <point name="construct.c.oofecrtdp" cite_std="N" status="u" ver="1" src="s" new="N" order="" cite_ver="" mark_hard="N">
<![CDATA[            #此段落由子樣板a08產生
            #開窗c段
            LET g_qryparam.reqry = FALSE
            CALL q_ooea001_1()                           #呼叫開窗
            DISPLAY g_qryparam.return1 TO oofecrtdp  #顯示到畫面上

            NEXT FIELD oofecrtdp                     #返回原欄位

]]>
</point>
  <point name="reproduce.a.oofe003" cite_std="N" status="u" ver="1" src="s" new="N" order="" cite_ver="" mark_hard="N">
<![CDATA[         IF NOT aooi359_oofe003_chk_1(l_newno,l_newno02,l_newno03,l_newno04,l_newno05,l_newno06) THEN
            LET l_newno03 = ''
            NEXT FIELD oofe003
         END IF]]>
</point>
  <point name="ui_dialog.before_dialog" cite_std="N" status="u" ver="1" src="s" new="N" order="" cite_ver="" mark_hard="N">
<![CDATA[   CALL cl_set_combo_scc_part('oofe001','3','1')]]>
</point>
  <point name="reproduce.head.b_insert" cite_std="N" status="u" ver="1" src="s" new="N" order="" cite_ver="" mark_hard="N">
<![CDATA[   LET l_master.oofemodid = ''
   LET l_master.oofemoddt = ''
   LET l_master.oofestus = "Y"]]>
</point>
  <point name="show.head.reference" cite_std="N" status="u" ver="1" src="s" new="N" order="" cite_ver="" mark_hard="N">
<![CDATA[            INITIALIZE g_ref_fields TO NULL
            LET g_ref_fields[1] = g_oofe_m.oofemodid
            CALL ap_ref_array2(g_ref_fields,"SELECT oofa011 FROM oofa_t WHERE oofaent='"||g_enterprise||"' AND oofa002='2' AND oofa003=? ","") RETURNING g_rtn_fields
            LET g_oofe_m.oofemodid_desc = g_rtn_fields[1]
            DISPLAY BY NAME g_oofe_m.oofemodid_desc

            INITIALIZE g_ref_fields TO NULL
            LET g_ref_fields[1] = g_oofe_m.oofeownid
            CALL ap_ref_array2(g_ref_fields,"SELECT oofa011 FROM oofa_t WHERE oofaent='"||g_enterprise||"' AND oofa002='2' AND oofa003=? ","") RETURNING g_rtn_fields
            LET g_oofe_m.oofeownid_desc = g_rtn_fields[1]
            DISPLAY BY NAME g_oofe_m.oofeownid_desc

            INITIALIZE g_ref_fields TO NULL
            LET g_ref_fields[1] = g_oofe_m.oofeowndp
            CALL ap_ref_array2(g_ref_fields,"SELECT ooeal003 FROM ooeal_t WHERE ooealent='"||g_enterprise||"' AND ooeal001=? AND ooeal002='"||g_dlang||"'","") RETURNING g_rtn_fields
            LET g_oofe_m.oofeowndp_desc = g_rtn_fields[1]
            DISPLAY BY NAME g_oofe_m.oofeowndp_desc

            INITIALIZE g_ref_fields TO NULL
            LET g_ref_fields[1] = g_oofe_m.oofecrtdp
            CALL ap_ref_array2(g_ref_fields,"SELECT ooeal003 FROM ooeal_t WHERE ooealent='"||g_enterprise||"' AND ooeal001=? AND ooeal002='"||g_dlang||"'","") RETURNING g_rtn_fields
            LET g_oofe_m.oofecrtdp_desc = g_rtn_fields[1]
            DISPLAY BY NAME g_oofe_m.oofecrtdp_desc

            INITIALIZE g_ref_fields TO NULL
            LET g_ref_fields[1] = g_oofe_m.oofecrtid
            CALL ap_ref_array2(g_ref_fields,"SELECT oofa011 FROM oofa_t WHERE oofaent='"||g_enterprise||"' AND oofa002='2' AND oofa003=? ","") RETURNING g_rtn_fields
            LET g_oofe_m.oofecrtid_desc = g_rtn_fields[1]
            DISPLAY BY NAME g_oofe_m.oofecrtid_desc
]]>
</point>
  <point name="reproduce.a.oofe001" cite_std="N" status="u" ver="1" src="s" new="N" order="" cite_ver="" mark_hard="N">
<![CDATA[         IF NOT aooi359_key_chk_1(l_newno,l_newno02,l_newno03,l_newno04,l_newno05,l_newno06) THEN
            LET l_newno = ''
            NEXT FIELD oofe001
         END IF]]>
</point>
  <point name="construct.a.oofe004" cite_std="N" status="" ver="" src="" new="Y" order="">
<![CDATA[]]>
</point>
  <point name="construct.b.oofe004" cite_std="N" status="" ver="" src="" new="Y" order="">
<![CDATA[]]>
</point>
  <point name="construct.c.oofe004" cite_std="N" status="" ver="" src="" new="Y" order="">
<![CDATA[]]>
</point>
  <point name="construct.a.oofe005" cite_std="N" status="" ver="" src="" new="Y" order="">
<![CDATA[]]>
</point>
  <point name="construct.b.oofe005" cite_std="N" status="" ver="" src="" new="Y" order="">
<![CDATA[]]>
</point>
  <point name="construct.c.oofe003" cite_std="N" status="" ver="" src="" new="Y" order="">
<![CDATA[]]>
</point>
  <point name="construct.a.oofe002" cite_std="N" status="" ver="" src="" new="Y" order="">
<![CDATA[]]>
</point>
  <point name="construct.b.oofe002" cite_std="N" status="" ver="" src="" new="Y" order="">
<![CDATA[]]>
</point>
  <point name="construct.c.oofe002" cite_std="N" status="" ver="" src="" new="Y" order="">
<![CDATA[]]>
</point>
  <point name="construct.a.oofe003" cite_std="N" status="" ver="" src="" new="Y" order="">
<![CDATA[]]>
</point>
  <point name="construct.b.oofe003" cite_std="N" status="" ver="" src="" new="Y" order="">
<![CDATA[]]>
</point>
  <point name="construct.c.oofe005" cite_std="N" status="" ver="" src="" new="Y" order="">
<![CDATA[]]>
</point>
  <point name="construct.a.oofestus" cite_std="N" status="" ver="" src="" new="Y" order="">
<![CDATA[]]>
</point>
  <point name="construct.b.oofestus" cite_std="N" status="" ver="" src="" new="Y" order="">
<![CDATA[]]>
</point>
  <point name="construct.c.oofestus" cite_std="N" status="" ver="" src="" new="Y" order="">
<![CDATA[]]>
</point>
  <point name="construct.a.oofeownid" cite_std="N" status="" ver="" src="" new="Y" order="">
<![CDATA[]]>
</point>
  <point name="construct.b.oofeownid" cite_std="N" status="" ver="" src="" new="Y" order="">
<![CDATA[]]>
</point>
  <point name="construct.c.oofe007" cite_std="N" status="" ver="" src="" new="Y" order="">
<![CDATA[]]>
</point>
  <point name="construct.a.oofe006" cite_std="N" status="" ver="" src="" new="Y" order="">
<![CDATA[]]>
</point>
  <point name="construct.b.oofe006" cite_std="N" status="" ver="" src="" new="Y" order="">
<![CDATA[]]>
</point>
  <point name="construct.c.oofe006" cite_std="N" status="" ver="" src="" new="Y" order="">
<![CDATA[]]>
</point>
  <point name="construct.a.oofe007" cite_std="N" status="" ver="" src="" new="Y" order="">
<![CDATA[]]>
</point>
  <point name="construct.b.oofe007" cite_std="N" status="" ver="" src="" new="Y" order="">
<![CDATA[]]>
</point>
  <point name="construct.c.oofe008" cite_std="N" status="" ver="" src="" new="Y" order="">
<![CDATA[]]>
</point>
  <point name="menu.delete" cite_std="N" status="" ver="" src="" new="Y" order="">
<![CDATA[]]>
</point>
  <point name="ui_dialog.after_dialog" cite_std="N" status="" ver="" src="" new="Y" order="">
<![CDATA[]]>
</point>
  <point name="menu.insert" cite_std="N" status="" ver="" src="" new="Y" order="">
<![CDATA[]]>
</point>
  <point name="menu.output" cite_std="N" status="" ver="" src="" new="Y" order="">
<![CDATA[]]>
</point>
  <point name="menu.modify" cite_std="N" status="" ver="" src="" new="Y" order="">
<![CDATA[]]>
</point>
  <point name="ui_dialog.more_displayarray" cite_std="N" status="" ver="" src="" new="Y" order="">
<![CDATA[]]>
</point>
  <point name="menu2.modify" cite_std="N" status="" ver="" src="" new="Y" order="">
<![CDATA[]]>
</point>
  <point name="menu2.insert" cite_std="N" status="" ver="" src="" new="Y" order="">
<![CDATA[]]>
</point>
  <point name="menu2.output" cite_std="N" status="" ver="" src="" new="Y" order="">
<![CDATA[]]>
</point>
  <point name="menu2.reproduce" cite_std="N" status="" ver="" src="" new="Y" order="">
<![CDATA[]]>
</point>
  <point name="menu2.query" cite_std="N" status="" ver="" src="" new="Y" order="">
<![CDATA[]]>
</point>
  <point name="menu.query" cite_std="N" status="" ver="" src="" new="Y" order="">
<![CDATA[]]>
</point>
  <point name="construct.a.oofe001" cite_std="N" status="" ver="" src="" new="Y" order="">
<![CDATA[]]>
</point>
  <point name="construct.b.oofe001" cite_std="N" status="" ver="" src="" new="Y" order="">
<![CDATA[]]>
</point>
  <point name="construct.c.oofe001" cite_std="N" status="" ver="" src="" new="Y" order="">
<![CDATA[]]>
</point>
  <point name="construct.a.oofe008" cite_std="N" status="" ver="" src="" new="Y" order="">
<![CDATA[]]>
</point>
  <point name="construct.b.oofe008" cite_std="N" status="" ver="" src="" new="Y" order="">
<![CDATA[]]>
</point>
  <point name="cs.before_construct" cite_std="N" status="" ver="" src="" new="Y" order="">
<![CDATA[]]>
</point>
  <point name="browser_fill.define" cite_std="N" status="" ver="" src="" new="Y" order="">
<![CDATA[]]>
</point>
  <point name="menu.reproduce" cite_std="N" status="" ver="" src="" new="Y" order="">
<![CDATA[]]>
</point>
  <point name="browser_fill.wc" cite_std="N" status="" ver="" src="" new="Y" order="">
<![CDATA[]]>
</point>
  <point name="cs.define" cite_std="N" status="" ver="" src="" new="Y" order="">
<![CDATA[]]>
</point>
  <point name="browser_fill.reference" cite_std="N" status="" ver="" src="" new="Y" order="">
<![CDATA[]]>
</point>
</add_points>